<html>
<body>
<pre>
<h1>µVision Build Log</h1>
<h2>Tool Versions:</h2>
IDE-Version: µVision V5.36.0.0
Copyright (C) 2021 ARM Ltd and ARM Germany GmbH. All rights reserved.
License Information: Aleksei Skupov, NIICHASPROM, LIC=X1E4T-RITMK-YDGK5-GZ4W4-2UWXS-W94Y2
 
Tool Versions:
Toolchain:       MDK-ARM Professional  Version: 5.36.0.0
Toolchain Path:  C:\Keil_v5\ARM\ARMCC\Bin
C Compiler:      Armcc.exe V5.06 update 7 (build 960)
Assembler:       Armasm.exe V5.06 update 7 (build 960)
Linker/Locator:  ArmLink.exe V5.06 update 7 (build 960)
Library Manager: ArmAr.exe V5.06 update 7 (build 960)
Hex Converter:   FromElf.exe V5.06 update 7 (build 960)
CPU DLL:         SARMCM3.DLL V5.36.0.0
Dialog DLL:      DCM.DLL V1.17.3.0
Target DLL:      Segger\JL2CM3.dll V2.99.40.0
Dialog DLL:      TCM.DLL V1.53.0.0
 
<h2>Project:</h2>
E:\DOCS\STM32_works\MKNS\milandr_first.uvprojx
Project File Date:  09/19/2023

<h2>Output:</h2>
*** Using Compiler 'V5.06 update 7 (build 960)', folder: 'C:\Keil_v5\ARM\ARMCC\Bin'
Build target 'test'
compiling CAN.c...
compiling Main.c...
compiling MDR32F9Qx_it.c...
compiling Retarget.c...
compiling ring_buffer.c...
compiling MNP_msg.c...
compiling pins.c...
compiling uart_func.c...
compiling systick.c...
compiling timers.c...
core\src\timers.c(118): warning:  #177-D: function "UART_TIMER_Init"  was declared but never referenced
  static void UART_TIMER_Init(void)
core\src\timers.c(21): warning:  #550-D: variable "xTimerGPSAntADC"  was set but never used
  static xTimerHandle xTimerGPSAntADC;			// ‰ÂÚÂÍÚËÓ‚‡ÌËÂ ‡ÌÚÂÌ˚ GPS ÔËÂÏÌËÍ‡ (ÌÂ ÔÓ‰ÍÎ˛˜ÂÌ‡, ÔÓ‰ÍÎ˛˜ÂÌ‡,  «)
core\src\timers.c: 2 warnings, 0 errors
compiling MDR32F9Qx_can_helper.c...
compiling adc.c...
compiling MDR32F9Qx_adc.c...
compiling MDR32F9Qx_arinc429r.c...
compiling MDR32F9Qx_arinc429t.c...
compiling MDR32F9Qx_audio.c...
compiling MDR32F9Qx_bkp.c...
compiling MDR32F9Qx_can.c...
compiling MDR32F9Qx_comp.c...
compiling MDR32F9Qx_dac.c...
compiling MDR32F9Qx_dma.c...
compiling MDR32F9Qx_ebc.c...
compiling MDR32F9Qx_eeprom.c...
compiling MDR32F9Qx_i2c.c...
compiling MDR32F9Qx_iwdg.c...
compiling MDR32F9Qx_keypad.c...
compiling MDR32F9Qx_led.c...
compiling MDR32F9Qx_port.c...
compiling MDR32F9Qx_power.c...
compiling MDR32F9Qx_rst_clk.c...
compiling MDR32F9Qx_ssp.c...
compiling MDR32F9Qx_uart.c...
compiling MDR32F9Qx_timer.c...
compiling MDR32F9Qx_usb.c...
assembling startup_MDR32F9Q2I.S...
compiling MDR32F9Qx_wwdg.c...
compiling time64.c...
Time64\time64.c(573): warning:  #223-D: function "gmtime_r" declared implicitly
          GMTIME_R(&safe_time, &safe_date);
Time64\time64.c(113): warning:  #177-D: variable "dow_year_start"  was declared but never referenced
  static const char dow_year_start[SOLAR_CYCLE_LENGTH] = {
Time64\time64.c: 2 warnings, 0 errors
compiling system_MDR32F9Q2I.c...
linking...
Program Size: Code=14404 RO-data=636 RW-data=192 ZI-data=3528  
FromELF: creating hex file...
After Build - User command #1: cmd /c copy Obj\*.hex .
ë®·‚•¨• ≠• „§†•‚·Ô ≠†©‚® „™†ß†≠≠Î© Ø„‚Ï.
".\Objects\milandr_first.axf" - 0 Error(s), 4 Warning(s).

<h2>Software Packages used:</h2>

Package Vendor: Milandr
                https://ic.milandr.ru/soft/Milandr.MDR32FxQI.1.1.pack
                Milandr.MDR32FxQI.1.1
                Milandr MDR32FxQI Series Device Support, Drivers and Examples
   * Component: Startup Version: 2.1.0i

<h2>Collection of Component include folders:</h2>
  .\RTE\Device\MDR32F9Q2I
  .\RTE\_test
  C:\Users\ASkupov.CHASPROM\AppData\Local\Arm\Packs\Milandr\MDR32FxQI\1.1\Libraries\CMSIS\MDR32FxQI\CoreSupport\CM3
  C:\Users\ASkupov.CHASPROM\AppData\Local\Arm\Packs\Milandr\MDR32FxQI\1.1\Libraries\CMSIS\MDR32FxQI\DeviceSupport\MDR32F9Q2I\inc

<h2>Collection of Component Files used:</h2>

   * Component: Milandr::Device:Startup:2.1.0i
      Source file:   Libraries\CMSIS\MDR32FxQI\DeviceSupport\MDR32F9Q2I\startup\arm\startup_MDR32F9Q2I.S
      Source file:   Libraries\CMSIS\MDR32FxQI\DeviceSupport\MDR32F9Q2I\startup\system_MDR32F9Q2I.c
      Include file:  Libraries\CMSIS\MDR32FxQI\DeviceSupport\MDR32F9Q2I\startup\system_MDR32F9Q2I.h
      Include file:  Libraries\CMSIS\MDR32FxQI\DeviceSupport\MDR32F9Q2I\inc\MDR32F9Q2I.h
      Include file:  Libraries\CMSIS\MDR32FxQI\CoreSupport\CM3\core_cm3.h
      Include file:  Libraries\SPL\MDR32FxQI\MDR32FxQI_config.h
      Include file:  Libraries\SPL\MDR32FxQI\inc\IRQ_Handler_Template\MDR32F9Q2I_IT.h
      Source file:   Libraries\SPL\MDR32FxQI\src\IRQ_Handler_Template\MDR32F9Q2I_IT.c
Build Time Elapsed:  00:00:03
</pre>
</body>
</html>
