<html>
<body>
<pre>
<h1>µVision Build Log</h1>
<h2>Tool Versions:</h2>
IDE-Version: µVision V5.36.0.0
Copyright (C) 2021 ARM Ltd and ARM Germany GmbH. All rights reserved.
License Information: Aleksei Skupov, NIICHASPROM, LIC=X1E4T-RITMK-YDGK5-GZ4W4-2UWXS-W94Y2
 
Tool Versions:
Toolchain:       MDK-ARM Professional  Version: 5.36.0.0
Toolchain Path:  C:\Keil_v5\ARM\ARMCC\Bin
C Compiler:      Armcc.exe V5.06 update 7 (build 960)
Assembler:       Armasm.exe V5.06 update 7 (build 960)
Linker/Locator:  ArmLink.exe V5.06 update 7 (build 960)
Library Manager: ArmAr.exe V5.06 update 7 (build 960)
Hex Converter:   FromElf.exe V5.06 update 7 (build 960)
CPU DLL:         SARMCM3.DLL V5.36.0.0
Dialog DLL:      DCM.DLL V1.17.3.0
Target DLL:      Segger\JL2CM3.dll V2.99.40.0
Dialog DLL:      TCM.DLL V1.53.0.0
 
<h2>Project:</h2>
E:\DOCS\STM32_works\MKNS\milandr_first.uvprojx
Project File Date:  09/11/2023

<h2>Output:</h2>
*** Using Compiler 'V5.06 update 7 (build 960)', folder: 'C:\Keil_v5\ARM\ARMCC\Bin'
Build target 'test'
compiling Main.c...
compiling timers.c...
core\src\timers.c(118): warning:  #177-D: function "UART_TIMER_Init"  was declared but never referenced
  static void UART_TIMER_Init(void)
core\src\timers.c(397): warning:  #177-D: function "vTimerGPSAntADCCallback"  was declared but never referenced
  static void vTimerGPSAntADCCallback(xTimerHandle xTimer)
core\src\timers.c(21): warning:  #177-D: variable "xTimerGPSAntADC"  was declared but never referenced
  static xTimerHandle xTimerGPSAntADC;			// детектирование антены GPS приемника (не подключена, подключена, КЗ)
core\src\timers.c: 3 warnings, 0 errors
linking...
Program Size: Code=13844 RO-data=636 RW-data=192 ZI-data=3528  
FromELF: creating hex file...
After Build - User command #1: cmd /c copy Obj\*.hex .
‘ЁбвҐ¬Ґ ­Ґ г¤ Ґвбп ­ ©вЁ гЄ § ­­л© Їгвм.
".\Objects\milandr_first.axf" - 0 Error(s), 3 Warning(s).

<h2>Software Packages used:</h2>

Package Vendor: Milandr
                https://ic.milandr.ru/soft/Milandr.MDR32FxQI.1.0.pack
                Milandr.MDR32FxQI.1.0
                Milandr MDR32FxQI Series Device Support, Drivers and Examples
   * Component: Startup Version: 2.0.2i

<h2>Collection of Component include folders:</h2>
  .\RTE\Device\MDR32F9Q2I
  .\RTE\_test
  C:\Users\ASkupov.CHASPROM\AppData\Local\Arm\Packs\Milandr\MDR32FxQI\1.0\Libraries\CMSIS\MDR32FxQI\CoreSupport\CM3
  C:\Users\ASkupov.CHASPROM\AppData\Local\Arm\Packs\Milandr\MDR32FxQI\1.0\Libraries\CMSIS\MDR32FxQI\DeviceSupport\MDR32F9Q2I\inc

<h2>Collection of Component Files used:</h2>

   * Component: Milandr::Device:Startup:2.0.2i
      Source file:   Libraries\CMSIS\MDR32FxQI\DeviceSupport\MDR32F9Q2I\startup\arm\startup_MDR32F9Q2I.S
      Source file:   Libraries\CMSIS\MDR32FxQI\DeviceSupport\MDR32F9Q2I\startup\system_MDR32F9Q2I.c
      Include file:  Libraries\CMSIS\MDR32FxQI\DeviceSupport\MDR32F9Q2I\startup\system_MDR32F9Q2I.h
      Include file:  Libraries\CMSIS\MDR32FxQI\DeviceSupport\MDR32F9Q2I\inc\MDR32F9Q2I.h
      Include file:  Libraries\CMSIS\MDR32FxQI\CoreSupport\CM3\core_cm3.h
      Include file:  Libraries\SPL\MDR32FxQI\MDR32FxQI_config.h
      Include file:  Libraries\SPL\MDR32FxQI\inc\IRQ_Handler_Template\MDR32F9Q2I_IT.h
      Source file:   Libraries\SPL\MDR32FxQI\src\IRQ_Handler_Template\MDR32F9Q2I_IT.c
Build Time Elapsed:  00:00:00
</pre>
</body>
</html>
