Component: ARM Compiler 5.06 update 7 (build 960) Tool: armlink [4d3601]

==============================================================================

Section Cross References

    backplaneaddress.o(i.GetBackplaneAddress) refers to rt_memcpy_w.o(.text) for __aeabi_memcpy4
    backplaneaddress.o(i.GetBackplaneAddress) refers to mdr32f9qx_port.o(i.PORT_StructInit) for PORT_StructInit
    backplaneaddress.o(i.GetBackplaneAddress) refers to mdr32f9qx_rst_clk.o(i.RST_CLK_PCLKcmd) for RST_CLK_PCLKcmd
    backplaneaddress.o(i.GetBackplaneAddress) refers to mdr32f9qx_port.o(i.PORT_Init) for PORT_Init
    backplaneaddress.o(i.GetBackplaneAddress) refers to mdr32f9qx_port.o(i.PORT_ReadInputDataBit) for PORT_ReadInputDataBit
    backplaneaddress.o(i.GetBackplaneAddress) refers to backplaneaddress.o(.constdata) for .constdata
    main.o(i.CPUClk80MHz_Init) refers to mdr32f9qx_rst_clk.o(i.RST_CLK_HSEconfig) for RST_CLK_HSEconfig
    main.o(i.CPUClk80MHz_Init) refers to mdr32f9qx_rst_clk.o(i.RST_CLK_HSEstatus) for RST_CLK_HSEstatus
    main.o(i.CPUClk80MHz_Init) refers to pins.o(i.SetBiLED) for SetBiLED
    main.o(i.CPUClk80MHz_Init) refers to mdr32f9qx_rst_clk.o(i.RST_CLK_CPU_PLLconfig) for RST_CLK_CPU_PLLconfig
    main.o(i.CPUClk80MHz_Init) refers to mdr32f9qx_rst_clk.o(i.RST_CLK_CPU_PLLcmd) for RST_CLK_CPU_PLLcmd
    main.o(i.CPUClk80MHz_Init) refers to mdr32f9qx_rst_clk.o(i.RST_CLK_CPU_PLLstatus) for RST_CLK_CPU_PLLstatus
    main.o(i.CPUClk80MHz_Init) refers to mdr32f9qx_rst_clk.o(i.RST_CLK_PCLKcmd) for RST_CLK_PCLKcmd
    main.o(i.CPUClk80MHz_Init) refers to mdr32f9qx_eeprom.o(i.EEPROM_SetLatency) for EEPROM_SetLatency
    main.o(i.CPUClk80MHz_Init) refers to mdr32f9qx_rst_clk.o(i.RST_CLK_CPUclkPrescaler) for RST_CLK_CPUclkPrescaler
    main.o(i.CPUClk80MHz_Init) refers to mdr32f9qx_rst_clk.o(i.RST_CLK_CPU_PLLuse) for RST_CLK_CPU_PLLuse
    main.o(i.CPUClk80MHz_Init) refers to mdr32f9qx_rst_clk.o(i.RST_CLK_CPUclkSelection) for RST_CLK_CPUclkSelection
    main.o(i.CPUClk80MHz_Init) refers to main.o(.data) for m_Led
    main.o(i.ClockConfigure) refers to mdr32f9qx_rst_clk.o(i.RST_CLK_HSEconfig) for RST_CLK_HSEconfig
    main.o(i.ClockConfigure) refers to mdr32f9qx_rst_clk.o(i.RST_CLK_HSEstatus) for RST_CLK_HSEstatus
    main.o(i.ClockConfigure) refers to mdr32f9qx_rst_clk.o(i.RST_CLK_CPU_PLLconfig) for RST_CLK_CPU_PLLconfig
    main.o(i.ClockConfigure) refers to mdr32f9qx_rst_clk.o(i.RST_CLK_CPU_PLLcmd) for RST_CLK_CPU_PLLcmd
    main.o(i.ClockConfigure) refers to mdr32f9qx_rst_clk.o(i.RST_CLK_CPU_PLLstatus) for RST_CLK_CPU_PLLstatus
    main.o(i.ClockConfigure) refers to mdr32f9qx_rst_clk.o(i.RST_CLK_PCLKcmd) for RST_CLK_PCLKcmd
    main.o(i.ClockConfigure) refers to mdr32f9qx_eeprom.o(i.EEPROM_SetLatency) for EEPROM_SetLatency
    main.o(i.ClockConfigure) refers to mdr32f9qx_rst_clk.o(i.RST_CLK_CPUclkPrescaler) for RST_CLK_CPUclkPrescaler
    main.o(i.ClockConfigure) refers to mdr32f9qx_rst_clk.o(i.RST_CLK_CPU_PLLuse) for RST_CLK_CPU_PLLuse
    main.o(i.ClockConfigure) refers to mdr32f9qx_rst_clk.o(i.RST_CLK_CPUclkSelection) for RST_CLK_CPUclkSelection
    main.o(i.ClockConfigure) refers to system_mdr32f9qx.o(i.SystemCoreClockUpdate) for SystemCoreClockUpdate
    main.o(i.InitWatchDog) refers to mdr32f9qx_rst_clk.o(i.RST_CLK_PCLKcmd) for RST_CLK_PCLKcmd
    main.o(i.InitWatchDog) refers to mdr32f9qx_iwdg.o(i.IWDG_WriteAccessEnable) for IWDG_WriteAccessEnable
    main.o(i.InitWatchDog) refers to mdr32f9qx_iwdg.o(i.IWDG_SetPrescaler) for IWDG_SetPrescaler
    main.o(i.InitWatchDog) refers to mdr32f9qx_iwdg.o(i.IWDG_GetFlagStatus) for IWDG_GetFlagStatus
    main.o(i.InitWatchDog) refers to mdr32f9qx_iwdg.o(i.IWDG_SetReload) for IWDG_SetReload
    main.o(i.InitWatchDog) refers to mdr32f9qx_iwdg.o(i.IWDG_Enable) for IWDG_Enable
    main.o(i.InitWatchDog) refers to mdr32f9qx_iwdg.o(i.IWDG_ReloadCounter) for IWDG_ReloadCounter
    main.o(i.main) refers to mdr32f9qx_rst_clk.o(i.RST_CLK_PCLKcmd) for RST_CLK_PCLKcmd
    main.o(i.main) refers to system_mdr32f9qx.o(i.SystemInit) for SystemInit
    main.o(i.main) refers to pins.o(i.InitBiLED) for InitBiLED
    main.o(i.main) refers to pins.o(i.SetBiLED) for SetBiLED
    main.o(i.main) refers to main.o(i.CPUClk80MHz_Init) for CPUClk80MHz_Init
    main.o(i.main) refers to timers.o(i.xTimer_Init) for xTimer_Init
    main.o(i.main) refers to systick.o(i.SysTick_Init) for SysTick_Init
    main.o(i.main) refers to pins.o(i.GPS_nRST_Init) for GPS_nRST_Init
    main.o(i.main) refers to uart_func.o(i.UART_LoLevel_Init) for UART_LoLevel_Init
    main.o(i.main) refers to uart_func.o(i.UARTSetBaud) for UARTSetBaud
    main.o(i.main) refers to ring_buffer.o(i.RING_Init) for RING_Init
    main.o(i.main) refers to mnp_msg.o(i.MKS_context_ini) for MKS_context_ini
    main.o(i.main) refers to timers.o(i.timers_ini) for timers_ini
    main.o(i.main) refers to mnp_msg.o(i.GPS_Init) for GPS_Init
[...]
    i.UART_TIMER_Callback                    0x08003974   Section        0  timers.o(i.UART_TIMER_Callback)
    i.UART_TIMER_Init                        0x08003994   Section        0  timers.o(i.UART_TIMER_Init)
    UART_TIMER_Init                          0x08003995   Thumb Code   108  timers.o(i.UART_TIMER_Init)
    i.UART_TX_Data                           0x08003a04   Section        0  uart_func.o(i.UART_TX_Data)
    i.USB_IRQHandler                         0x08003a36   Section        0  mdr32f9qx_it.o(i.USB_IRQHandler)
    i.UsageFault_Handler                     0x08003a38   Section        0  mdr32f9qx_it.o(i.UsageFault_Handler)
    i.WWDG_IRQHandler                        0x08003a3c   Section        0  mdr32f9qx_it.o(i.WWDG_IRQHandler)
    i.__ARM_fpclassify                       0x08003a3e   Section        0  fpclassify.o(i.__ARM_fpclassify)
    i._is_digit                              0x08003a66   Section        0  __printf_wp.o(i._is_digit)
    i.cmp_date                               0x08003a74   Section        0  time64.o(i.cmp_date)
    i.copy_TM64_to_tm                        0x08003b16   Section        0  time64.o(i.copy_TM64_to_tm)
    i.copy_tm_to_TM64                        0x08003b34   Section        0  time64.o(i.copy_tm_to_TM64)
    i.cycle_offset                           0x08003b52   Section        0  time64.o(i.cycle_offset)
    cycle_offset                             0x08003b53   Thumb Code    94  time64.o(i.cycle_offset)
    i.date_in_safe_range                     0x08003bb0   Section        0  time64.o(i.date_in_safe_range)
    i.fputc                                  0x08003bdc   Section        0  main.o(i.fputc)
    i.is_exception_century                   0x08003c10   Section        0  time64.o(i.is_exception_century)
    is_exception_century                     0x08003c11   Thumb Code    64  time64.o(i.is_exception_century)
    i.main                                   0x08003c50   Section        0  main.o(i.main)
    i.mktime64                               0x08003d2c   Section        0  time64.o(i.mktime64)
    i.safe_year                              0x08003dc8   Section        0  time64.o(i.safe_year)
    safe_year                                0x08003dc9   Thumb Code   278  time64.o(i.safe_year)
    i.seconds_between_years                  0x08003f68   Section        0  time64.o(i.seconds_between_years)
    seconds_between_years                    0x08003f69   Thumb Code   434  time64.o(i.seconds_between_years)
    i.timers_ini                             0x08004124   Section        0  timers.o(i.timers_ini)
    i.vTimerGPSCfgCallback                   0x08004164   Section        0  timers.o(i.vTimerGPSCfgCallback)
    vTimerGPSCfgCallback                     0x08004165   Thumb Code    72  timers.o(i.vTimerGPSCfgCallback)
    i.vTimerGPSPPSCtrlCallback               0x080041b8   Section        0  timers.o(i.vTimerGPSPPSCtrlCallback)
    vTimerGPSPPSCtrlCallback                 0x080041b9   Thumb Code    44  timers.o(i.vTimerGPSPPSCtrlCallback)
    i.vTimerGPSPPSTimeoutCallback            0x080041f0   Section        0  timers.o(i.vTimerGPSPPSTimeoutCallback)
    vTimerGPSPPSTimeoutCallback              0x080041f1   Thumb Code    32  timers.o(i.vTimerGPSPPSTimeoutCallback)
    i.vTimerGPSUARTTimeoutCallback           0x08004218   Section        0  timers.o(i.vTimerGPSUARTTimeoutCallback)
    vTimerGPSUARTTimeoutCallback             0x08004219   Thumb Code    50  timers.o(i.vTimerGPSUARTTimeoutCallback)
    i.xTimer_Create                          0x08004258   Section        0  timers.o(i.xTimer_Create)
    i.xTimer_Delete                          0x080042d8   Section        0  timers.o(i.xTimer_Delete)
    i.xTimer_Init                            0x080042f8   Section        0  timers.o(i.xTimer_Init)
    i.xTimer_Reload                          0x08004304   Section        0  timers.o(i.xTimer_Reload)
    i.xTimer_SetPeriod                       0x08004338   Section        0  timers.o(i.xTimer_SetPeriod)
    i.xTimer_Task                            0x0800434c   Section        0  timers.o(i.xTimer_Task)
    locale$$code                             0x080043b4   Section       44  lc_numeric_c.o(locale$$code)
    x$fpl$dretinf                            0x080043e0   Section       12  dretinf.o(x$fpl$dretinf)
    x$fpl$f2d                                0x080043ec   Section       86  f2d.o(x$fpl$f2d)
    x$fpl$fcmpinf                            0x08004442   Section       24  fcmpi.o(x$fpl$fcmpinf)
    x$fpl$fleqf                              0x0800445c   Section      104  fleqf.o(x$fpl$fleqf)
    x$fpl$fnaninf                            0x080044c4   Section      140  fnaninf.o(x$fpl$fnaninf)
    x$fpl$printf1                            0x08004550   Section        4  printf1.o(x$fpl$printf1)
    .constdata                               0x08004554   Section      360  time64.o(.constdata)
    x$fpl$usenofp                            0x08004554   Section        0  usenofp.o(x$fpl$usenofp)
    SYSTEM_MKTIME_MAX                        0x08004554   Data          44  time64.o(.constdata)
    SYSTEM_MKTIME_MIN                        0x08004580   Data          44  time64.o(.constdata)
    days_in_month                            0x080045ac   Data          24  time64.o(.constdata)
    julian_days_by_month                     0x080045c4   Data          48  time64.o(.constdata)
    length_of_year                           0x080045f4   Data           4  time64.o(.constdata)
    safe_years_high                          0x080045f8   Data          56  time64.o(.constdata)
    safe_years_low                           0x08004630   Data         112  time64.o(.constdata)
    dow_year_start                           0x080046a0   Data          28  time64.o(.constdata)
    .constdata                               0x080046bc   Section       40  _printf_hex_int.o(.constdata)
    uc_hextab                                0x080046bc   Data          20  _printf_hex_int.o(.constdata)
    lc_hextab                                0x080046d0   Data          20  _printf_hex_int.o(.constdata)
    .constdata                               0x080046e4   Section       17  __printf_flags_wp.o(.constdata)
    maptable                                 0x080046e4   Data          17  __printf_flags_wp.o(.constdata)
    .constdata                               0x080046f5   Section       12  _monlen.o(.constdata)
    .constdata                               0x08004704   Section      148  bigflt0.o(.constdata)
    tenpwrs_x                                0x08004704   Data          60  bigflt0.o(.constdata)
    tenpwrs_i                                0x08004740   Data          64  bigflt0.o(.constdata)
    .constdata                               0x08004798   Section        4  sys_io.o(.constdata)
    .constdata                               0x0800479c   Section        4  sys_io.o(.constdata)
    .constdata                               0x080047a0   Section        4  sys_io.o(.constdata)
    locale$$data                             0x080047c4   Section       28  lc_numeric_c.o(locale$$data)
    __lcnum_c_name                           0x080047c8   Data           2  lc_numeric_c.o(locale$$data)
    __lcnum_c_start                          0x080047d0   Data           0  lc_numeric_c.o(locale$$data)
    __lcnum_c_point                          0x080047dc   Data           0  lc_numeric_c.o(locale$$data)
    __lcnum_c_thousands                      0x080047de   Data           0  lc_numeric_c.o(locale$$data)
    __lcnum_c_grouping                       0x080047df   Data           0  lc_numeric_c.o(locale$$data)
    __lcnum_c_end                            0x080047e0   Data           0  lc_numeric_c.o(locale$$data)
    .data                                    0x20000000   Section       16  main.o(.data)
    .data                                    0x20000010   Section        4  mnp_msg.o(.data)
    byte_i                                   0x20000012   Data           2  mnp_msg.o(.data)
    .data                                    0x20000014   Section        1  uart_func.o(.data)
    .data                                    0x20000018   Section        8  systick.o(.data)
    TicksCounter                             0x20000018   Data           4  systick.o(.data)
    SysTick_CallbackFunction                 0x2000001c   Data           4  systick.o(.data)
    .data                                    0x20000020   Section       28  timers.o(.data)
    xTimeNow                                 0x20000020   Data           4  timers.o(.data)
    xTimerGPSAntADC                          0x20000024   Data           4  timers.o(.data)
    xTimerGPSAntPower                        0x20000028   Data           4  timers.o(.data)
    xTimerGPSPPSCtrl                         0x2000002c   Data           4  timers.o(.data)
    xTimerGPSPPSTimeout                      0x20000030   Data           4  timers.o(.data)
    xTimerGPSUARTTimeout                     0x20000034   Data           4  timers.o(.data)
    xTimerGPSCfg                             0x20000038   Data           4  timers.o(.data)
    .data                                    0x2000003c   Section        4  system_mdr32f9qx.o(.data)
    .data                                    0x20000040   Section        4  stdio_streams.o(.data)
    .data                                    0x20000044   Section        4  stdio_streams.o(.data)
    .data                                    0x20000048   Section        4  stdio_streams.o(.data)
    .bss                                     0x20000050   Section     1048  main.o(.bss)
    .bss                                     0x20000468   Section      560  mnp_msg.o(.bss)
    .bss                                     0x20000698   Section       76  uart_func.o(.bss)
    .bss                                     0x200006e4   Section      192  timers.o(.bss)
    xTimerList                               0x200006e4   Data         192  timers.o(.bss)
    .bss                                     0x200007a4   Section       84  stdio_streams.o(.bss)
    .bss                                     0x200007f8   Section       84  stdio_streams.o(.bss)
    .bss                                     0x2000084c   Section       84  stdio_streams.o(.bss)
    .bss                                     0x200008a0   Section       96  libspace.o(.bss)
    HEAP                                     0x20000900   Section      512  startup_mdr32f9qx.o(HEAP)
    Heap_Mem                                 0x20000900   Data         512  startup_mdr32f9qx.o(HEAP)
    STACK                                    0x20000b00   Section     1024  startup_mdr32f9qx.o(STACK)
    Stack_Mem                                0x20000b00   Data        1024  startup_mdr32f9qx.o(STACK)
    __initial_sp                             0x20000f00   Data           0  startup_mdr32f9qx.o(STACK)

    Global Symbols

    Symbol Name                              Value     Ov Type        Size  Object(Section)

    BuildAttributes$$THM_ISAv4$P$D$K$B$S$PE$A:L22UL41UL21$X:L11$S22US41US21$IEEE1$IW$USESV6$~STKCKD$USESV7$~SHL$OTIME$ROPI$IEEEJ$EBA8$UX$STANDARDLIB$REQ8$PRES8$EABIv2 0x00000000   Number         0  anon$$obj.o ABSOLUTE
    __ARM_use_no_argv                        0x00000000   Number         0  main.o ABSOLUTE
    _printf_flags                            0x00000000   Number         0  printf_stubs.o ABSOLUTE
    _printf_return_value                     0x00000000   Number         0  printf_stubs.o ABSOLUTE
    _printf_sizespec                         0x00000000   Number         0  printf_stubs.o ABSOLUTE
    _printf_widthprec                        0x00000000   Number         0  printf_stubs.o ABSOLUTE
    __ARM_exceptions_init                     - Undefined Weak Reference
    __alloca_initialize                       - Undefined Weak Reference
    __arm_fini_                               - Undefined Weak Reference
    __arm_preinit_                            - Undefined Weak Reference
    __cpp_initialize__aeabi_                  - Undefined Weak Reference
    __cxa_finalize                            - Undefined Weak Reference
    __sigvec_lookup                           - Undefined Weak Reference
    __user_heap_extent                        - Undefined Weak Reference
    _atexit_init                              - Undefined Weak Reference
    _call_atexit_fns                          - Undefined Weak Reference
    _clock_init                               - Undefined Weak Reference
    _fp_trap_init                             - Undefined Weak Reference
    _fp_trap_shutdown                         - Undefined Weak Reference
    _get_lc_collate                           - Undefined Weak Reference
    _get_lc_ctype                             - Undefined Weak Reference
    _get_lc_monetary                          - Undefined Weak Reference
    _get_lc_time                              - Undefined Weak Reference
    _getenv_init                              - Undefined Weak Reference
    _handle_redirection                       - Undefined Weak Reference
    _mutex_acquire                            - Undefined Weak Reference
    _mutex_free                               - Undefined Weak Reference
    _mutex_release                            - Undefined Weak Reference
    _printf_mbtowc                            - Undefined Weak Reference
    _printf_truncate_signed                   - Undefined Weak Reference
    _printf_truncate_unsigned                 - Undefined Weak Reference
    _rand_init                                - Undefined Weak Reference
    _signal_finish                            - Undefined Weak Reference
    _signal_init                              - Undefined Weak Reference
    __Vectors_Size                           0x000000c0   Number         0  startup_mdr32f9qx.o ABSOLUTE
    __Vectors                                0x08000000   Data           4  startup_mdr32f9qx.o(RESET)
    __Vectors_End                            0x080000c0   Data           0  startup_mdr32f9qx.o(RESET)
    __main                                   0x080000c1   Thumb Code     8  __main.o(!!!main)
    __scatterload                            0x080000c9   Thumb Code     0  __scatter.o(!!!scatter)
    __scatterload_rt2                        0x080000c9   Thumb Code    44  __scatter.o(!!!scatter)
    __scatterload_rt2_thumb_only             0x080000c9   Thumb Code     0  __scatter.o(!!!scatter)
    __scatterload_null                       0x080000d7   Thumb Code     0  __scatter.o(!!!scatter)
    __scatterload_copy                       0x080000fd   Thumb Code    26  __scatter_copy.o(!!handler_copy)
    __scatterload_zeroinit                   0x08000119   Thumb Code    28  __scatter_zi.o(!!handler_zi)
    _printf_f                                0x08000135   Thumb Code     0  _printf_f.o(.ARM.Collect$$_printf_percent$$00000003)
    _printf_percent                          0x08000135   Thumb Code     0  _printf_percent.o(.ARM.Collect$$_printf_percent$$00000000)
    _printf_d                                0x0800013b   Thumb Code     0  _printf_d.o(.ARM.Collect$$_printf_percent$$00000009)
    _printf_u                                0x08000141   Thumb Code     0  _printf_u.o(.ARM.Collect$$_printf_percent$$0000000A)
    _printf_x                                0x08000147   Thumb Code     0  _printf_x.o(.ARM.Collect$$_printf_percent$$0000000C)
    _printf_s                                0x0800014d   Thumb Code     0  _printf_s.o(.ARM.Collect$$_printf_percent$$00000014)
    _printf_percent_end                      0x08000153   Thumb Code     0  _printf_percent_end.o(.ARM.Collect$$_printf_percent$$00000017)
    __rt_lib_init                            0x08000157   Thumb Code     0  libinit.o(.ARM.Collect$$libinit$$00000000)
    __rt_lib_init_fp_1                       0x08000159   Thumb Code     0  libinit2.o(.ARM.Collect$$libinit$$00000002)
    __rt_lib_init_heap_2                     0x08000159   Thumb Code     0  libinit2.o(.ARM.Collect$$libinit$$00000005)
    __rt_lib_init_preinit_1                  0x08000159   Thumb Code     0  libinit2.o(.ARM.Collect$$libinit$$00000004)
    __rt_lib_init_heap_1                     0x08000161   Thumb Code     0  libinit2.o(.ARM.Collect$$libinit$$0000000A)
    __rt_lib_init_lc_common                  0x08000161   Thumb Code     0  libinit2.o(.ARM.Collect$$libinit$$0000000F)
    __rt_lib_init_rand_1                     0x08000161   Thumb Code     0  libinit2.o(.ARM.Collect$$libinit$$0000000E)
    __rt_lib_init_user_alloc_1               0x08000161   Thumb Code     0  libinit2.o(.ARM.Collect$$libinit$$0000000C)
    __rt_lib_init_lc_collate_1               0x08000167   Thumb Code     0  libinit2.o(.ARM.Collect$$libinit$$00000011)
    __rt_lib_init_lc_ctype_1                 0x08000167   Thumb Code     0  libinit2.o(.ARM.Collect$$libinit$$00000013)
    __rt_lib_init_lc_monetary_1              0x08000167   Thumb Code     0  libinit2.o(.ARM.Collect$$libinit$$00000015)
    __rt_lib_init_lc_numeric_2               0x08000167   Thumb Code     0  libinit2.o(.ARM.Collect$$libinit$$00000016)
    __rt_lib_init_atexit_1                   0x08000171   Thumb Code     0  libinit2.o(.ARM.Collect$$libinit$$0000001B)
    __rt_lib_init_clock_1                    0x08000171   Thumb Code     0  libinit2.o(.ARM.Collect$$libinit$$00000021)
    __rt_lib_init_fp_trap_1                  0x08000171   Thumb Code     0  libinit2.o(.ARM.Collect$$libinit$$0000001F)
    __rt_lib_init_getenv_1                   0x08000171   Thumb Code     0  libinit2.o(.ARM.Collect$$libinit$$00000023)
    __rt_lib_init_lc_numeric_1               0x08000171   Thumb Code     0  libinit2.o(.ARM.Collect$$libinit$$00000017)
    __rt_lib_init_lc_time_1                  0x08000171   Thumb Code     0  libinit2.o(.ARM.Collect$$libinit$$00000019)
    __rt_lib_init_signal_1                   0x08000171   Thumb Code     0  libinit2.o(.ARM.Collect$$libinit$$0000001D)
    __rt_lib_init_stdio_2                    0x08000171   Thumb Code     0  libinit2.o(.ARM.Collect$$libinit$$00000024)
    __rt_lib_init_alloca_1                   0x08000175   Thumb Code     0  libinit2.o(.ARM.Collect$$libinit$$0000002E)
    __rt_lib_init_argv_1                     0x08000175   Thumb Code     0  libinit2.o(.ARM.Collect$$libinit$$0000002C)
    __rt_lib_init_cpp_1                      0x08000175   Thumb Code     0  libinit2.o(.ARM.Collect$$libinit$$00000032)
    __rt_lib_init_exceptions_1               0x08000175   Thumb Code     0  libinit2.o(.ARM.Collect$$libinit$$00000030)
    __rt_lib_init_return                     0x08000175   Thumb Code     0  libinit2.o(.ARM.Collect$$libinit$$00000033)
    __rt_lib_init_stdio_1                    0x08000175   Thumb Code     0  libinit2.o(.ARM.Collect$$libinit$$00000025)
    __rt_lib_shutdown                        0x08000177   Thumb Code     0  libshutdown.o(.ARM.Collect$$libshutdown$$00000000)
    __rt_lib_shutdown_cpp_1                  0x08000179   Thumb Code     0  libshutdown2.o(.ARM.Collect$$libshutdown$$00000004)
    __rt_lib_shutdown_fini_1                 0x08000179   Thumb Code     0  libshutdown2.o(.ARM.Collect$$libshutdown$$00000002)
    __rt_lib_shutdown_stdio_2                0x08000179   Thumb Code     0  libshutdown2.o(.ARM.Collect$$libshutdown$$00000005)
    __rt_lib_shutdown_fp_trap_1              0x0800017d   Thumb Code     0  libshutdown2.o(.ARM.Collect$$libshutdown$$00000009)
    __rt_lib_shutdown_heap_1                 0x0800017d   Thumb Code     0  libshutdown2.o(.ARM.Collect$$libshutdown$$00000011)
    __rt_lib_shutdown_return                 0x0800017d   Thumb Code     0  libshutdown2.o(.ARM.Collect$$libshutdown$$00000012)
    __rt_lib_shutdown_signal_1               0x0800017d   Thumb Code     0  libshutdown2.o(.ARM.Collect$$libshutdown$$0000000C)
    __rt_lib_shutdown_stdio_1                0x0800017d   Thumb Code     0  libshutdown2.o(.ARM.Collect$$libshutdown$$00000006)
    __rt_lib_shutdown_user_alloc_1           0x0800017d   Thumb Code     0  libshutdown2.o(.ARM.Collect$$libshutdown$$0000000E)
    __rt_entry                               0x0800017f   Thumb Code     0  __rtentry.o(.ARM.Collect$$rtentry$$00000000)
    __rt_entry_presh_1                       0x0800017f   Thumb Code     0  __rtentry2.o(.ARM.Collect$$rtentry$$00000002)
    __rt_entry_sh                            0x0800017f   Thumb Code     0  __rtentry4.o(.ARM.Collect$$rtentry$$00000004)
    __rt_entry_li                            0x08000185   Thumb Code     0  __rtentry2.o(.ARM.Collect$$rtentry$$0000000A)
    __rt_entry_postsh_1                      0x08000185   Thumb Code     0  __rtentry2.o(.ARM.Collect$$rtentry$$00000009)
    __rt_entry_main                          0x08000189   Thumb Code     0  __rtentry2.o(.ARM.Collect$$rtentry$$0000000D)
    __rt_entry_postli_1                      0x08000189   Thumb Code     0  __rtentry2.o(.ARM.Collect$$rtentry$$0000000C)
    __rt_exit                                0x08000191   Thumb Code     0  rtexit.o(.ARM.Collect$$rtexit$$00000000)
    __rt_exit_ls                             0x08000193   Thumb Code     0  rtexit2.o(.ARM.Collect$$rtexit$$00000003)
    __rt_exit_prels_1                        0x08000193   Thumb Code     0  rtexit2.o(.ARM.Collect$$rtexit$$00000002)
    __rt_exit_exit                           0x08000197   Thumb Code     0  rtexit2.o(.ARM.Collect$$rtexit$$00000004)
    Reset_Handler                            0x0800019d   Thumb Code     8  startup_mdr32f9qx.o(.text)
    _maybe_terminate_alloc                   0x0800019d   Thumb Code     0  maybetermalloc1.o(.emb_text)
    __user_initial_stackheap                 0x080001b9   Thumb Code     0  startup_mdr32f9qx.o(.text)
    __aeabi_ldivmod                          0x080001dd   Thumb Code     0  llsdiv.o(.text)
    _ll_sdiv                                 0x080001dd   Thumb Code    72  llsdiv.o(.text)
    __2printf                                0x08000225   Thumb Code    20  noretval__2printf.o(.text)
    __2sprintf                               0x0800023d   Thumb Code    34  noretval__2sprintf.o(.text)
    _printf_str                              0x08000265   Thumb Code    82  _printf_str.o(.text)
    _printf_int_dec                          0x080002b9   Thumb Code   104  _printf_dec.o(.text)
    _printf_int_hex                          0x08000331   Thumb Code    84  _printf_hex_int.o(.text)
    _printf_longlong_hex                     0x08000331   Thumb Code     0  _printf_hex_int.o(.text)
    __printf                                 0x08000389   Thumb Code   308  __printf_flags_wp.o(.text)
    __aeabi_assert                           0x080004c1   Thumb Code    86  assert.o(.text)
    __assert                                 0x080004c1   Thumb Code     0  assert.o(.text)
    __aeabi_memcpy4                          0x08000541   Thumb Code     0  rt_memcpy_w.o(.text)
    __aeabi_memcpy8                          0x08000541   Thumb Code     0  rt_memcpy_w.o(.text)
    __rt_memcpy_w                            0x08000541   Thumb Code   100  rt_memcpy_w.o(.text)
    _memcpy_lastbytes_aligned                0x08000589   Thumb Code     0  rt_memcpy_w.o(.text)
    __aeabi_memclr                           0x080005a5   Thumb Code     0  rt_memclr.o(.text)
    __rt_memclr                              0x080005a5   Thumb Code    68  rt_memclr.o(.text)
    _memset                                  0x080005a9   Thumb Code     0  rt_memclr.o(.text)
    __aeabi_memclr4                          0x080005e9   Thumb Code     0  rt_memclr_w.o(.text)
    __aeabi_memclr8                          0x080005e9   Thumb Code     0  rt_memclr_w.o(.text)
    __rt_memclr_w                            0x080005e9   Thumb Code    78  rt_memclr_w.o(.text)
    _memset_w                                0x080005ed   Thumb Code     0  rt_memclr_w.o(.text)
    mktime                                   0x08000677   Thumb Code   356  mktime.o(.text)
    __use_two_region_memory                  0x080007e5   Thumb Code     2  heapauxi.o(.text)
    __rt_heap_escrow                         0x080007e7   Thumb Code     2  heapauxi.o(.text)
    __rt_heap_expand                         0x080007e9   Thumb Code     2  heapauxi.o(.text)
    __aeabi_uldivmod                         0x080007eb   Thumb Code     0  lludivv7m.o(.text)
    _ll_udiv                                 0x080007eb   Thumb Code   238  lludivv7m.o(.text)
    _printf_int_common                       0x080008d9   Thumb Code   178  _printf_intcommon.o(.text)
    __lib_sel_fp_printf                      0x0800098b   Thumb Code     2  _printf_fp_dec.o(.text)
    _printf_fp_dec_real                      0x08000b3d   Thumb Code   620  _printf_fp_dec.o(.text)
    _printf_char_common                      0x08000db3   Thumb Code    32  _printf_char_common.o(.text)
    _sputc                                   0x08000dd9   Thumb Code    10  _sputc.o(.text)
    _printf_cs_common                        0x08000de3   Thumb Code    20  _printf_char.o(.text)
    _printf_char                             0x08000df7   Thumb Code    16  _printf_char.o(.text)
    _printf_string                           0x08000e07   Thumb Code     8  _printf_char.o(.text)
    _printf_char_file                        0x08000e11   Thumb Code    32  _printf_char_file.o(.text)
    abort                                    0x08000e35   Thumb Code    22  abort.o(.text)
    __assert_puts                            0x08000e4b   Thumb Code    20  assert_puts.o(.text)
    _ttywrch                                 0x08000e5f   Thumb Code    14  sys_wrch.o(.text)
    _sys_exit                                0x08000e6d   Thumb Code     8  sys_exit.o(.text)
    __rt_locale                              0x08000e79   Thumb Code     8  rt_locale_intlibspace.o(.text)
    _ll_udiv10                               0x08000e81   Thumb Code   138  lludiv10.o(.text)
    _printf_fp_infnan                        0x08000f0d   Thumb Code   112  _printf_fp_infnan.o(.text)
    _btod_etento                             0x08000f8d   Thumb Code   224  bigflt0.o(.text)
    ferror                                   0x08001071   Thumb Code     8  ferror.o(.text)
    _initio                                  0x08001079   Thumb Code   210  initio.o(.text)
    _terminateio                             0x0800114b   Thumb Code    56  initio.o(.text)
    __rt_SIGABRT                             0x080011b1   Thumb Code    14  defsig_abrt_outer.o(.text)
    _sys_open                                0x080011bf   Thumb Code    20  sys_io.o(.text)
    _sys_close                               0x080011d3   Thumb Code    12  sys_io.o(.text)
    _sys_write                               0x080011df   Thumb Code    16  sys_io.o(.text)
    _sys_read                                0x080011ef   Thumb Code    14  sys_io.o(.text)
    _sys_istty                               0x080011fd   Thumb Code    12  sys_io.o(.text)
    _sys_seek                                0x08001209   Thumb Code    14  sys_io.o(.text)
    _sys_ensure                              0x08001217   Thumb Code     2  sys_io.o(.text)
    _sys_flen                                0x08001219   Thumb Code    12  sys_io.o(.text)
    __user_libspace                          0x08001225   Thumb Code     8  libspace.o(.text)
    __user_perproc_libspace                  0x08001225   Thumb Code     0  libspace.o(.text)
    __user_perthread_libspace                0x08001225   Thumb Code     0  libspace.o(.text)
    __I$use$semihosting                      0x0800122d   Thumb Code     0  use_no_semi.o(.text)
    __use_no_semihosting_swi                 0x0800122d   Thumb Code     2  use_no_semi.o(.text)
    __semihosting_library_function           0x0800122f   Thumb Code     0  indicate_semi.o(.text)
    __user_setup_stackheap                   0x0800122f   Thumb Code    74  sys_stackheap_outer.o(.text)
    free                                     0x08001279   Thumb Code    78  h1_free.o(.text)
    setvbuf                                  0x080012c7   Thumb Code    70  setvbuf.o(.text)
    freopen                                  0x0800130d   Thumb Code   158  fopen.o(.text)
    fopen                                    0x080013ab   Thumb Code    74  fopen.o(.text)
    _fclose_internal                         0x080013f9   Thumb Code    76  fclose.o(.text)
    fclose                                   0x080013f9   Thumb Code     0  fclose.o(.text)
    exit                                     0x08001445   Thumb Code    18  exit.o(.text)
    __sig_exit                               0x08001457   Thumb Code    10  defsig_exit.o(.text)
    __rt_SIGABRT_inner                       0x08001461   Thumb Code    14  defsig_abrt_inner.o(.text)
    __rt_SIGRTRED                            0x08001491   Thumb Code    14  defsig_rtred_outer.o(.text)
    strcmp                                   0x080014a1   Thumb Code   128  strcmpv7m.o(.text)
    __rt_heap_descriptor                     0x08001521   Thumb Code     8  rt_heap_descriptor_intlibspace.o(.text)
    __use_no_heap                            0x08001529   Thumb Code     2  hguard.o(.text)
    __heap$guard                             0x0800152b   Thumb Code     2  hguard.o(.text)
    _terminate_user_alloc                    0x0800152d   Thumb Code     2  init_alloc.o(.text)
    _init_user_alloc                         0x0800152f   Thumb Code     2  init_alloc.o(.text)
    __Heap_Full                              0x08001531   Thumb Code    34  init_alloc.o(.text)
    __Heap_Broken                            0x08001553   Thumb Code     6  init_alloc.o(.text)
    _init_alloc                              0x08001559   Thumb Code    94  init_alloc.o(.text)
    malloc                                   0x080015b7   Thumb Code    94  h1_alloc.o(.text)
    _fseek                                   0x08001615   Thumb Code   242  fseek.o(.text)
    fseek                                    0x08001615   Thumb Code     0  fseek.o(.text)
    _seterr                                  0x0800170d   Thumb Code    20  stdio.o(.text)
    _writebuf                                0x08001721   Thumb Code    84  stdio.o(.text)
    _fflush                                  0x08001775   Thumb Code    70  stdio.o(.text)
    _deferredlazyseek                        0x080017bb   Thumb Code    60  stdio.o(.text)
    __default_signal_display                 0x080017fd   Thumb Code    50  defsig_general.o(.text)
    __rt_SIGRTRED_inner                      0x08001831   Thumb Code    14  defsig_rtred_inner.o(.text)
    strlen                                   0x08001865   Thumb Code    62  strlen.o(.text)
    __Heap_Initialize                        0x080018a3   Thumb Code    10  h1_init.o(.text)
    __Heap_DescSize                          0x080018ad   Thumb Code     4  h1_init.o(.text)
    __Heap_ProvideMemory                     0x080018b1   Thumb Code    52  h1_extend.o(.text)
    _ftell_internal                          0x080018e5   Thumb Code    66  ftell.o(.text)
    ftell                                    0x080018e5   Thumb Code     0  ftell.o(.text)
    __rt_SIGRTMEM                            0x08001927   Thumb Code    14  defsig_rtmem_outer.o(.text)
    __aeabi_errno_addr                       0x08001935   Thumb Code     8  rt_errno_addr_intlibspace.o(.text)
    __errno$intlibspace                      0x08001935   Thumb Code     0  rt_errno_addr_intlibspace.o(.text)
    __rt_errno_addr$intlibspace              0x08001935   Thumb Code     0  rt_errno_addr_intlibspace.o(.text)
    __rt_SIGRTMEM_inner                      0x0800193d   Thumb Code    22  defsig_rtmem_inner.o(.text)
    _btod_d2e                                0x0800198d   Thumb Code    62  btod.o(CL$$btod_d2e)
    _d2e_denorm_low                          0x080019cb   Thumb Code    70  btod.o(CL$$btod_d2e_denorm_low)
    _d2e_norm_op1                            0x08001a11   Thumb Code    96  btod.o(CL$$btod_d2e_norm_op1)
    __btod_div_common                        0x08001a71   Thumb Code   696  btod.o(CL$$btod_div_common)
    _e2e                                     0x08001da9   Thumb Code   220  btod.o(CL$$btod_e2e)
    _btod_ediv                               0x08001e85   Thumb Code    42  btod.o(CL$$btod_ediv)
    _btod_emul                               0x08001eaf   Thumb Code    42  btod.o(CL$$btod_emul)
    __btod_mult_common                       0x08001ed9   Thumb Code   580  btod.o(CL$$btod_mult_common)
    ADC_IRQHandler                           0x0800211d   Thumb Code     2  mdr32f9qx_it.o(i.ADC_IRQHandler)
    BACKUP_IRQHandler                        0x0800211f   Thumb Code     2  mdr32f9qx_it.o(i.BACKUP_IRQHandler)
    BusFault_Handler                         0x08002121   Thumb Code     4  mdr32f9qx_it.o(i.BusFault_Handler)
    CAN1_IRQHandler                          0x08002125   Thumb Code     2  mdr32f9qx_it.o(i.CAN1_IRQHandler)
    CAN2_IRQHandler                          0x08002127   Thumb Code     2  mdr32f9qx_it.o(i.CAN2_IRQHandler)
    COMPARATOR_IRQHandler                    0x08002129   Thumb Code     2  mdr32f9qx_it.o(i.COMPARATOR_IRQHandler)
    Create_Timer_configure_GPS               0x0800219d   Thumb Code    20  timers.o(i.Create_Timer_configure_GPS)
    DMA_IRQHandler                           0x080021b9   Thumb Code     2  mdr32f9qx_it.o(i.DMA_IRQHandler)
    DebugMon_Handler                         0x080021bb   Thumb Code     2  mdr32f9qx_it.o(i.DebugMon_Handler)
    Delay_MS                                 0x080021bd   Thumb Code    26  systick.o(i.Delay_MS)
    EEPROM_SetLatency                        0x080021d9   Thumb Code     6  mdr32f9qx_eeprom.o(i.EEPROM_SetLatency)
    EXT_INT1_IRQHandler                      0x080021e5   Thumb Code     2  mdr32f9qx_it.o(i.EXT_INT1_IRQHandler)
    EXT_INT2_IRQHandler                      0x080021e7   Thumb Code     2  mdr32f9qx_it.o(i.EXT_INT2_IRQHandler)
    EXT_INT3_IRQHandler                      0x080021e9   Thumb Code     2  mdr32f9qx_it.o(i.EXT_INT3_IRQHandler)
    EXT_INT4_IRQHandler                      0x080021eb   Thumb Code     2  mdr32f9qx_it.o(i.EXT_INT4_IRQHandler)
    GPS_Config                               0x080021ed   Thumb Code    26  mnp_msg.o(i.GPS_Config)
    GPS_Init                                 0x08002219   Thumb Code    12  mnp_msg.o(i.GPS_Init)
    GPS_PPS_DISABLE_IRQ_Callback             0x08002225   Thumb Code    42  timers.o(i.GPS_PPS_DISABLE_IRQ_Callback)
    GPS_PPS_IRQ_Callback                     0x080023c1   Thumb Code    74  timers.o(i.GPS_PPS_IRQ_Callback)
    GPS_Reset                                0x0800255d   Thumb Code    28  pins.o(i.GPS_Reset)
    GPS_nRST_Init                            0x0800257d   Thumb Code    68  pins.o(i.GPS_nRST_Init)
    GPS_wait_data_Callback                   0x080025c5   Thumb Code    62  mnp_msg.o(i.GPS_wait_data_Callback)
    Get_Module_Address                       0x08002611   Thumb Code     4  pins.o(i.Get_Module_Address)
    Get_SysTick                              0x08002615   Thumb Code     6  systick.o(i.Get_SysTick)
    HardFault_Handler                        0x08002621   Thumb Code     4  mdr32f9qx_it.o(i.HardFault_Handler)
    I2C_IRQHandler                           0x08002625   Thumb Code     2  mdr32f9qx_it.o(i.I2C_IRQHandler)
    InitBiLED                                0x08002627   Thumb Code    20  pins.o(i.InitBiLED)
    MKS_context_ini                          0x0800267d   Thumb Code    80  mnp_msg.o(i.MKS_context_ini)
    MNP_M7_init                              0x080026fd   Thumb Code   396  mnp_msg.o(i.MNP_M7_init)
    MNP_PutMessage                           0x08002889   Thumb Code    78  mnp_msg.o(i.MNP_PutMessage)
    MNP_UART_MSG_Puts                        0x080028d9   Thumb Code    18  uart_func.o(i.MNP_UART_MSG_Puts)
    MemManage_Handler                        0x080028f1   Thumb Code     4  mdr32f9qx_it.o(i.MemManage_Handler)
    NMI_Handler                              0x080028f5   Thumb Code     2  mdr32f9qx_it.o(i.NMI_Handler)
    PORT_Init                                0x08002935   Thumb Code   450  mdr32f9qx_port.o(i.PORT_Init)
    PORT_ResetBits                           0x08002afd   Thumb Code    22  mdr32f9qx_port.o(i.PORT_ResetBits)
    PORT_SetBits                             0x08002b19   Thumb Code    22  mdr32f9qx_port.o(i.PORT_SetBits)
    PORT_StructInit                          0x08002b35   Thumb Code    28  mdr32f9qx_port.o(i.PORT_StructInit)
    POWER_IRQHandler                         0x08002b51   Thumb Code     2  mdr32f9qx_it.o(i.POWER_IRQHandler)
    PendSV_Handler                           0x08002e89   Thumb Code     2  mdr32f9qx_it.o(i.PendSV_Handler)
    RING_Clear                               0x08002e8b   Thumb Code    20  ring_buffer.o(i.RING_Clear)
    RING_GetCount                            0x08002e9f   Thumb Code    36  ring_buffer.o(i.RING_GetCount)
    RING_Init                                0x08002ec3   Thumb Code    30  ring_buffer.o(i.RING_Init)
    RING_Pop                                 0x08002ee1   Thumb Code    26  ring_buffer.o(i.RING_Pop)
    RING_Put                                 0x08002efb   Thumb Code    24  ring_buffer.o(i.RING_Put)
    RST_CLK_CPU_PLLcmd                       0x08002f15   Thumb Code     6  mdr32f9qx_rst_clk.o(i.RST_CLK_CPU_PLLcmd)
    RST_CLK_CPU_PLLconfig                    0x08002f21   Thumb Code    54  mdr32f9qx_rst_clk.o(i.RST_CLK_CPU_PLLconfig)
    RST_CLK_CPU_PLLstatus                    0x08002f61   Thumb Code    52  mdr32f9qx_rst_clk.o(i.RST_CLK_CPU_PLLstatus)
    RST_CLK_CPU_PLLuse                       0x08002f95   Thumb Code     6  mdr32f9qx_rst_clk.o(i.RST_CLK_CPU_PLLuse)
    RST_CLK_CPUclkPrescaler                  0x08002fa1   Thumb Code    18  mdr32f9qx_rst_clk.o(i.RST_CLK_CPUclkPrescaler)
    RST_CLK_CPUclkSelection                  0x08002fb9   Thumb Code    16  mdr32f9qx_rst_clk.o(i.RST_CLK_CPUclkSelection)
    RST_CLK_GetClocksFreq                    0x08002fcd   Thumb Code   620  mdr32f9qx_rst_clk.o(i.RST_CLK_GetClocksFreq)
    RST_CLK_GetFlagStatus                    0x08003241   Thumb Code    42  mdr32f9qx_rst_clk.o(i.RST_CLK_GetFlagStatus)
    RST_CLK_HSEconfig                        0x08003275   Thumb Code    56  mdr32f9qx_rst_clk.o(i.RST_CLK_HSEconfig)
    RST_CLK_HSEstatus                        0x080032b1   Thumb Code    52  mdr32f9qx_rst_clk.o(i.RST_CLK_HSEstatus)
    RST_CLK_PCLKcmd                          0x080032e5   Thumb Code    26  mdr32f9qx_rst_clk.o(i.RST_CLK_PCLKcmd)
    Reload_Timer_GPS_UART_Timeout            0x08003305   Thumb Code    12  timers.o(i.Reload_Timer_GPS_UART_Timeout)
    SSP1_IRQHandler                          0x08003315   Thumb Code     2  mdr32f9qx_it.o(i.SSP1_IRQHandler)
    SSP2_IRQHandler                          0x08003317   Thumb Code     2  mdr32f9qx_it.o(i.SSP2_IRQHandler)
    SVC_Handler                              0x08003319   Thumb Code     2  mdr32f9qx_it.o(i.SVC_Handler)
    SetBiLED                                 0x0800331b   Thumb Code    98  pins.o(i.SetBiLED)
    Set_GNSS_interval                        0x0800337d   Thumb Code    78  mnp_msg.o(i.Set_GNSS_interval)
    SysTick_Handler                          0x080033cd   Thumb Code    30  systick.o(i.SysTick_Handler)
    SysTick_Init                             0x080033f5   Thumb Code    22  systick.o(i.SysTick_Init)
    SystemCoreClockUpdate                    0x08003415   Thumb Code   130  system_mdr32f9qx.o(i.SystemCoreClockUpdate)
    SystemInit                               0x080034a5   Thumb Code    54  system_mdr32f9qx.o(i.SystemInit)
    TIMER_BRGInit                            0x080034e5   Thumb Code    68  mdr32f9qx_timer.o(i.TIMER_BRGInit)
    TIMER_ChnInit                            0x08003539   Thumb Code    70  mdr32f9qx_timer.o(i.TIMER_ChnInit)
    TIMER_ChnStructInit                      0x0800357f   Thumb Code    28  mdr32f9qx_timer.o(i.TIMER_ChnStructInit)
    TIMER_ClearFlag                          0x0800359b   Thumb Code     8  mdr32f9qx_timer.o(i.TIMER_ClearFlag)
    TIMER_Cmd                                0x080035a3   Thumb Code    20  mdr32f9qx_timer.o(i.TIMER_Cmd)
    TIMER_CntInit                            0x080035b7   Thumb Code    54  mdr32f9qx_timer.o(i.TIMER_CntInit)
    TIMER_CntStructInit                      0x080035ed   Thumb Code    28  mdr32f9qx_timer.o(i.TIMER_CntStructInit)
    TIMER_DeInit                             0x08003609   Thumb Code    68  mdr32f9qx_timer.o(i.TIMER_DeInit)
    TIMER_GetITStatus                        0x0800364d   Thumb Code    24  mdr32f9qx_timer.o(i.TIMER_GetITStatus)
    TIMER_ITConfig                           0x08003665   Thumb Code    18  mdr32f9qx_timer.o(i.TIMER_ITConfig)
    TIMER_SetCounter                         0x08003677   Thumb Code     4  mdr32f9qx_timer.o(i.TIMER_SetCounter)
    Timer1_IRQHandler                        0x0800367b   Thumb Code     8  mdr32f9qx_it.o(i.Timer1_IRQHandler)
    Timer2_IRQHandler                        0x08003683   Thumb Code     8  mdr32f9qx_it.o(i.Timer2_IRQHandler)
    Timer3_IRQHandler                        0x0800368b   Thumb Code     8  mdr32f9qx_it.o(i.Timer3_IRQHandler)
    UART1_IRQHandler                         0x08003693   Thumb Code     8  mdr32f9qx_it.o(i.UART1_IRQHandler)
    UART2_IRQHandler                         0x0800369b   Thumb Code     8  mdr32f9qx_it.o(i.UART2_IRQHandler)
    UARTSetBaud                              0x080036a3   Thumb Code    44  uart_func.o(i.UARTSetBaud)
    UART_BRGInit                             0x080036d1   Thumb Code    48  mdr32f9qx_uart.o(i.UART_BRGInit)
    UART_CharReception_Callback              0x0800370d   Thumb Code    50  uart_func.o(i.UART_CharReception_Callback)
    UART_ClearITPendingBit                   0x0800374d   Thumb Code     8  mdr32f9qx_uart.o(i.UART_ClearITPendingBit)
    UART_Cmd                                 0x08003755   Thumb Code    24  mdr32f9qx_uart.o(i.UART_Cmd)
    UART_GetFlagStatus                       0x0800376d   Thumb Code    16  mdr32f9qx_uart.o(i.UART_GetFlagStatus)
    UART_GetITStatusMasked                   0x0800377d   Thumb Code    16  mdr32f9qx_uart.o(i.UART_GetITStatusMasked)
    UART_ITConfig                            0x0800378d   Thumb Code    18  mdr32f9qx_uart.o(i.UART_ITConfig)
    UART_Init                                0x080037a1   Thumb Code   162  mdr32f9qx_uart.o(i.UART_Init)
    UART_InitIRQ                             0x08003851   Thumb Code    64  uart_func.o(i.UART_InitIRQ)
    UART_LoLevel_Init                        0x08003899   Thumb Code   198  uart_func.o(i.UART_LoLevel_Init)
    UART_ReceiveData                         0x08003965   Thumb Code     8  mdr32f9qx_uart.o(i.UART_ReceiveData)
    UART_SendData                            0x0800396d   Thumb Code     6  mdr32f9qx_uart.o(i.UART_SendData)
    UART_TIMER_Callback                      0x08003975   Thumb Code    28  timers.o(i.UART_TIMER_Callback)
    UART_TX_Data                             0x08003a05   Thumb Code    50  uart_func.o(i.UART_TX_Data)
    USB_IRQHandler                           0x08003a37   Thumb Code     2  mdr32f9qx_it.o(i.USB_IRQHandler)
    UsageFault_Handler                       0x08003a39   Thumb Code     4  mdr32f9qx_it.o(i.UsageFault_Handler)
    WWDG_IRQHandler                          0x08003a3d   Thumb Code     2  mdr32f9qx_it.o(i.WWDG_IRQHandler)
    __ARM_fpclassify                         0x08003a3f   Thumb Code    40  fpclassify.o(i.__ARM_fpclassify)
    _is_digit                                0x08003a67   Thumb Code    14  __printf_wp.o(i._is_digit)
    cmp_date                                 0x08003a75   Thumb Code   162  time64.o(i.cmp_date)
    copy_TM64_to_tm                          0x08003b17   Thumb Code    30  time64.o(i.copy_TM64_to_tm)
    copy_tm_to_TM64                          0x08003b35   Thumb Code    30  time64.o(i.copy_tm_to_TM64)
    date_in_safe_range                       0x08003bb1   Thumb Code    44  time64.o(i.date_in_safe_range)
    fputc                                    0x08003bdd   Thumb Code    46  main.o(i.fputc)
    main                                     0x08003c51   Thumb Code   184  main.o(i.main)
    mktime64                                 0x08003d2d   Thumb Code   148  time64.o(i.mktime64)
    timers_ini                               0x08004125   Thumb Code    48  timers.o(i.timers_ini)
    xTimer_Create                            0x08004259   Thumb Code   120  timers.o(i.xTimer_Create)
    xTimer_Delete                            0x080042d9   Thumb Code    26  timers.o(i.xTimer_Delete)
    xTimer_Init                              0x080042f9   Thumb Code     6  timers.o(i.xTimer_Init)
    xTimer_Reload                            0x08004305   Thumb Code    44  timers.o(i.xTimer_Reload)
    xTimer_SetPeriod                         0x08004339   Thumb Code    14  timers.o(i.xTimer_SetPeriod)
    xTimer_Task                              0x0800434d   Thumb Code   100  timers.o(i.xTimer_Task)
    _get_lc_numeric                          0x080043b5   Thumb Code    44  lc_numeric_c.o(locale$$code)
    __fpl_dretinf                            0x080043e1   Thumb Code    12  dretinf.o(x$fpl$dretinf)
    __aeabi_f2d                              0x080043ed   Thumb Code     0  f2d.o(x$fpl$f2d)
    _f2d                                     0x080043ed   Thumb Code    86  f2d.o(x$fpl$f2d)
    __fpl_fcmp_Inf                           0x08004443   Thumb Code    24  fcmpi.o(x$fpl$fcmpinf)
    __aeabi_cfcmple                          0x0800445d   Thumb Code     0  fleqf.o(x$fpl$fleqf)
    _fcmple                                  0x0800445d   Thumb Code   104  fleqf.o(x$fpl$fleqf)
    __fpl_fcmple_InfNaN                      0x080044af   Thumb Code     0  fleqf.o(x$fpl$fleqf)
    __fpl_fnaninf                            0x080044c5   Thumb Code   140  fnaninf.o(x$fpl$fnaninf)
    _printf_fp_dec                           0x08004551   Thumb Code     4  printf1.o(x$fpl$printf1)
    __I$use$fp                               0x08004554   Number         0  usenofp.o(x$fpl$usenofp)
    _monlen                                  0x080046f5   Data          12  _monlen.o(.constdata)
    __stdin_name                             0x08004798   Data           4  sys_io.o(.constdata)
    __stdout_name                            0x0800479c   Data           4  sys_io.o(.constdata)
    __stderr_name                            0x080047a0   Data           4  sys_io.o(.constdata)
    Region$$Table$$Base                      0x080047a4   Number         0  anon$$obj.o(Region$$Table)
    Region$$Table$$Limit                     0x080047c4   Number         0  anon$$obj.o(Region$$Table)
    m_Led                                    0x20000000   Data          16  main.o(.data)
    MNP_M7_CFG                               0x20000010   Data           1  mnp_msg.o(.data)
    count                                    0x20000014   Data           1  uart_func.o(.data)
    SystemCoreClock                          0x2000003c   Data           4  system_mdr32f9qx.o(.data)
    __aeabi_stdin                            0x20000040   Data           4  stdio_streams.o(.data)
    __aeabi_stdout                           0x20000044   Data           4  stdio_streams.o(.data)
    __aeabi_stderr                           0x20000048   Data           4  stdio_streams.o(.data)
    uart_buffer                              0x20000050   Data         512  main.o(.bss)
    MNP_PUT_MSG                              0x20000250   Data         536  main.o(.bss)
    MKS2                                     0x20000468   Data          22  mnp_msg.o(.bss)
    MNP_GET_MSG                              0x20000480   Data         536  mnp_msg.o(.bss)
    DBG_buffer                               0x20000698   Data          64  uart_func.o(.bss)
    RING_buffer                              0x200006d8   Data          12  uart_func.o(.bss)
    __stdin                                  0x200007a4   Data          84  stdio_streams.o(.bss)
    __stdout                                 0x200007f8   Data          84  stdio_streams.o(.bss)
    __stderr                                 0x2000084c   Data          84  stdio_streams.o(.bss)
    __libspace_start                         0x200008a0   Data          96  libspace.o(.bss)
    __temporary_stack_top$libspace           0x20000900   Data           0  libspace.o(.bss)



==============================================================================

Memory Map of the image

  Image Entry point : 0x080000c1

  Load Region LR_IROM1 (Base: 0x08000000, Size: 0x0000482c, Max: 0x00020000, ABSOLUTE)

    Execution Region ER_IROM1 (Exec base: 0x08000000, Load base: 0x08000000, Size: 0x000047e0, Max: 0x00020000, ABSOLUTE)

    Exec Addr    Load Addr    Size         Type   Attr      Idx    E Section Name        Object

    0x08000000   0x08000000   0x000000c0   Data   RO         3564    RESET               startup_mdr32f9qx.o
    0x080000c0   0x080000c0   0x00000008   Code   RO         3832  * !!!main             c_w.l(__main.o)
    0x080000c8   0x080000c8   0x00000034   Code   RO         4236    !!!scatter          c_w.l(__scatter.o)
    0x080000fc   0x080000fc   0x0000001a   Code   RO         4238    !!handler_copy      c_w.l(__scatter_copy.o)
    0x08000116   0x08000116   0x00000002   PAD
    0x08000118   0x08000118   0x0000001c   Code   RO         4240    !!handler_zi        c_w.l(__scatter_zi.o)
    0x08000134   0x08000134   0x00000000   Code   RO         3812    .ARM.Collect$$_printf_percent$$00000000  c_w.l(_printf_percent.o)
    0x08000134   0x08000134   0x00000006   Code   RO         3811    .ARM.Collect$$_printf_percent$$00000003  c_w.l(_printf_f.o)
    0x0800013a   0x0800013a   0x00000006   Code   RO         3809    .ARM.Collect$$_printf_percent$$00000009  c_w.l(_printf_d.o)
    0x08000140   0x08000140   0x00000006   Code   RO         3810    .ARM.Collect$$_printf_percent$$0000000A  c_w.l(_printf_u.o)
    0x08000146   0x08000146   0x00000006   Code   RO         3808    .ARM.Collect$$_printf_percent$$0000000C  c_w.l(_printf_x.o)
    0x0800014c   0x0800014c   0x00000006   Code   RO         3807    .ARM.Collect$$_printf_percent$$00000014  c_w.l(_printf_s.o)
    0x08000152   0x08000152   0x00000004   Code   RO         3855    .ARM.Collect$$_printf_percent$$00000017  c_w.l(_printf_percent_end.o)
    0x08000156   0x08000156   0x00000002   Code   RO         4055    .ARM.Collect$$libinit$$00000000  c_w.l(libinit.o)
    0x08000158   0x08000158   0x00000000   Code   RO         4057    .ARM.Collect$$libinit$$00000002  c_w.l(libinit2.o)
    0x08000158   0x08000158   0x00000000   Code   RO         4059    .ARM.Collect$$libinit$$00000004  c_w.l(libinit2.o)
    0x08000158   0x08000158   0x00000008   Code   RO         4060    .ARM.Collect$$libinit$$00000005  c_w.l(libinit2.o)
    0x08000160   0x08000160   0x00000000   Code   RO         4062    .ARM.Collect$$libinit$$0000000A  c_w.l(libinit2.o)
    0x08000160   0x08000160   0x00000000   Code   RO         4064    .ARM.Collect$$libinit$$0000000C  c_w.l(libinit2.o)
    0x08000160   0x08000160   0x00000000   Code   RO         4066    .ARM.Collect$$libinit$$0000000E  c_w.l(libinit2.o)
    0x08000160   0x08000160   0x00000006   Code   RO         4067    .ARM.Collect$$libinit$$0000000F  c_w.l(libinit2.o)
    0x08000166   0x08000166   0x00000000   Code   RO         4069    .ARM.Collect$$libinit$$00000011  c_w.l(libinit2.o)
    0x08000166   0x08000166   0x00000000   Code   RO         4071    .ARM.Collect$$libinit$$00000013  c_w.l(libinit2.o)
    0x08000166   0x08000166   0x00000000   Code   RO         4073    .ARM.Collect$$libinit$$00000015  c_w.l(libinit2.o)
    0x08000166   0x08000166   0x0000000a   Code   RO         4074    .ARM.Collect$$libinit$$00000016  c_w.l(libinit2.o)
    0x08000170   0x08000170   0x00000000   Code   RO         4075    .ARM.Collect$$libinit$$00000017  c_w.l(libinit2.o)
    0x08000170   0x08000170   0x00000000   Code   RO         4077    .ARM.Collect$$libinit$$00000019  c_w.l(libinit2.o)
    0x08000170   0x08000170   0x00000000   Code   RO         4079    .ARM.Collect$$libinit$$0000001B  c_w.l(libinit2.o)
    0x08000170   0x08000170   0x00000000   Code   RO         4081    .ARM.Collect$$libinit$$0000001D  c_w.l(libinit2.o)
    0x08000170   0x08000170   0x00000000   Code   RO         4083    .ARM.Collect$$libinit$$0000001F  c_w.l(libinit2.o)
    0x08000170   0x08000170   0x00000000   Code   RO         4085    .ARM.Collect$$libinit$$00000021  c_w.l(libinit2.o)
    0x08000170   0x08000170   0x00000000   Code   RO         4087    .ARM.Collect$$libinit$$00000023  c_w.l(libinit2.o)
    0x08000170   0x08000170   0x00000004   Code   RO         4088    .ARM.Collect$$libinit$$00000024  c_w.l(libinit2.o)
    0x08000174   0x08000174   0x00000000   Code   RO         4089    .ARM.Collect$$libinit$$00000025  c_w.l(libinit2.o)
    0x08000174   0x08000174   0x00000000   Code   RO         4093    .ARM.Collect$$libinit$$0000002C  c_w.l(libinit2.o)
    0x08000174   0x08000174   0x00000000   Code   RO         4095    .ARM.Collect$$libinit$$0000002E  c_w.l(libinit2.o)
    0x08000174   0x08000174   0x00000000   Code   RO         4097    .ARM.Collect$$libinit$$00000030  c_w.l(libinit2.o)
    0x08000174   0x08000174   0x00000000   Code   RO         4099    .ARM.Collect$$libinit$$00000032  c_w.l(libinit2.o)
    0x08000174   0x08000174   0x00000002   Code   RO         4100    .ARM.Collect$$libinit$$00000033  c_w.l(libinit2.o)
    0x08000176   0x08000176   0x00000002   Code   RO         4229    .ARM.Collect$$libshutdown$$00000000  c_w.l(libshutdown.o)
    0x08000178   0x08000178   0x00000000   Code   RO         4102    .ARM.Collect$$libshutdown$$00000002  c_w.l(libshutdown2.o)
    0x08000178   0x08000178   0x00000000   Code   RO         4104    .ARM.Collect$$libshutdown$$00000004  c_w.l(libshutdown2.o)
    0x08000178   0x08000178   0x00000004   Code   RO         4105    .ARM.Collect$$libshutdown$$00000005  c_w.l(libshutdown2.o)
    0x0800017c   0x0800017c   0x00000000   Code   RO         4106    .ARM.Collect$$libshutdown$$00000006  c_w.l(libshutdown2.o)
    0x0800017c   0x0800017c   0x00000000   Code   RO         4109    .ARM.Collect$$libshutdown$$00000009  c_w.l(libshutdown2.o)
    0x0800017c   0x0800017c   0x00000000   Code   RO         4112    .ARM.Collect$$libshutdown$$0000000C  c_w.l(libshutdown2.o)
    0x0800017c   0x0800017c   0x00000000   Code   RO         4114    .ARM.Collect$$libshutdown$$0000000E  c_w.l(libshutdown2.o)
    0x0800017c   0x0800017c   0x00000000   Code   RO         4117    .ARM.Collect$$libshutdown$$00000011  c_w.l(libshutdown2.o)
    0x0800017c   0x0800017c   0x00000002   Code   RO         4118    .ARM.Collect$$libshutdown$$00000012  c_w.l(libshutdown2.o)
    0x0800017e   0x0800017e   0x00000000   Code   RO         3840    .ARM.Collect$$rtentry$$00000000  c_w.l(__rtentry.o)
    0x0800017e   0x0800017e   0x00000000   Code   RO         3879    .ARM.Collect$$rtentry$$00000002  c_w.l(__rtentry2.o)
    0x0800017e   0x0800017e   0x00000006   Code   RO         3891    .ARM.Collect$$rtentry$$00000004  c_w.l(__rtentry4.o)
    0x08000184   0x08000184   0x00000000   Code   RO         3881    .ARM.Collect$$rtentry$$00000009  c_w.l(__rtentry2.o)
    0x08000184   0x08000184   0x00000004   Code   RO         3882    .ARM.Collect$$rtentry$$0000000A  c_w.l(__rtentry2.o)
    0x08000188   0x08000188   0x00000000   Code   RO         3884    .ARM.Collect$$rtentry$$0000000C  c_w.l(__rtentry2.o)
    0x08000188   0x08000188   0x00000008   Code   RO         3885    .ARM.Collect$$rtentry$$0000000D  c_w.l(__rtentry2.o)
    0x08000190   0x08000190   0x00000002   Code   RO         4119    .ARM.Collect$$rtexit$$00000000  c_w.l(rtexit.o)
    0x08000192   0x08000192   0x00000000   Code   RO         4169    .ARM.Collect$$rtexit$$00000002  c_w.l(rtexit2.o)
    0x08000192   0x08000192   0x00000004   Code   RO         4170    .ARM.Collect$$rtexit$$00000003  c_w.l(rtexit2.o)
    0x08000196   0x08000196   0x00000006   Code   RO         4171    .ARM.Collect$$rtexit$$00000004  c_w.l(rtexit2.o)
    0x0800019c   0x0800019c   0x00000000   Code   RO         4175    .emb_text           c_w.l(maybetermalloc1.o)
    0x0800019c   0x0800019c   0x00000040   Code   RO         3565    .text               startup_mdr32f9qx.o
    0x080001dc   0x080001dc   0x00000048   Code   RO         3748    .text               c_w.l(llsdiv.o)
    0x08000224   0x08000224   0x00000018   Code   RO         3754    .text               c_w.l(noretval__2printf.o)
    0x0800023c   0x0800023c   0x00000028   Code   RO         3756    .text               c_w.l(noretval__2sprintf.o)
    0x08000264   0x08000264   0x00000052   Code   RO         3762    .text               c_w.l(_printf_str.o)
    0x080002b6   0x080002b6   0x00000002   PAD
    0x080002b8   0x080002b8   0x00000078   Code   RO         3764    .text               c_w.l(_printf_dec.o)
    0x08000330   0x08000330   0x00000058   Code   RO         3769    .text               c_w.l(_printf_hex_int.o)
    0x08000388   0x08000388   0x00000138   Code   RO         3799    .text               c_w.l(__printf_flags_wp.o)
    0x080004c0   0x080004c0   0x00000080   Code   RO         3813    .text               c_w.l(assert.o)
    0x08000540   0x08000540   0x00000064   Code   RO         3815    .text               c_w.l(rt_memcpy_w.o)
    0x080005a4   0x080005a4   0x00000044   Code   RO         3817    .text               c_w.l(rt_memclr.o)
    0x080005e8   0x080005e8   0x0000004e   Code   RO         3819    .text               c_w.l(rt_memclr_w.o)
    0x08000636   0x08000636   0x00000002   PAD
    0x08000638   0x08000638   0x000001ac   Code   RO         3826    .text               c_w.l(mktime.o)
    0x080007e4   0x080007e4   0x00000006   Code   RO         3830    .text               c_w.l(heapauxi.o)
    0x080007ea   0x080007ea   0x000000ee   Code   RO         3841    .text               c_w.l(lludivv7m.o)
    0x080008d8   0x080008d8   0x000000b2   Code   RO         3843    .text               c_w.l(_printf_intcommon.o)
    0x0800098a   0x0800098a   0x0000041e   Code   RO         3845    .text               c_w.l(_printf_fp_dec.o)
    0x08000da8   0x08000da8   0x00000030   Code   RO         3847    .text               c_w.l(_printf_char_common.o)
    0x08000dd8   0x08000dd8   0x0000000a   Code   RO         3849    .text               c_w.l(_sputc.o)
    0x08000de2   0x08000de2   0x0000002c   Code   RO         3851    .text               c_w.l(_printf_char.o)
    0x08000e0e   0x08000e0e   0x00000002   PAD
    0x08000e10   0x08000e10   0x00000024   Code   RO         3853    .text               c_w.l(_printf_char_file.o)
    0x08000e34   0x08000e34   0x00000016   Code   RO         3862    .text               c_w.l(abort.o)
    0x08000e4a   0x08000e4a   0x00000014   Code   RO         3864    .text               c_w.l(assert_puts.o)
    0x08000e5e   0x08000e5e   0x0000000e   Code   RO         3874    .text               c_w.l(sys_wrch.o)
    0x08000e6c   0x08000e6c   0x0000000c   Code   RO         3876    .text               c_w.l(sys_exit.o)
    0x08000e78   0x08000e78   0x00000008   Code   RO         3900    .text               c_w.l(rt_locale_intlibspace.o)
    0x08000e80   0x08000e80   0x0000008a   Code   RO         3902    .text               c_w.l(lludiv10.o)
    0x08000f0a   0x08000f0a   0x00000002   PAD
    0x08000f0c   0x08000f0c   0x00000080   Code   RO         3904    .text               c_w.l(_printf_fp_infnan.o)
    0x08000f8c   0x08000f8c   0x000000e4   Code   RO         3908    .text               c_w.l(bigflt0.o)
    0x08001070   0x08001070   0x00000008   Code   RO         3933    .text               c_w.l(ferror.o)
    0x08001078   0x08001078   0x00000138   Code   RO         3935    .text               c_w.l(initio.o)
    0x080011b0   0x080011b0   0x0000000e   Code   RO         3944    .text               c_w.l(defsig_abrt_outer.o)
    0x080011be   0x080011be   0x00000066   Code   RO         3952    .text               c_w.l(sys_io.o)
    0x08001224   0x08001224   0x00000008   Code   RO         3957    .text               c_w.l(libspace.o)
    0x0800122c   0x0800122c   0x00000002   Code   RO         3960    .text               c_w.l(use_no_semi.o)
    0x0800122e   0x0800122e   0x00000000   Code   RO         3964    .text               c_w.l(indicate_semi.o)
    0x0800122e   0x0800122e   0x0000004a   Code   RO         3965    .text               c_w.l(sys_stackheap_outer.o)
    0x08001278   0x08001278   0x0000004e   Code   RO         3973    .text               c_w.l(h1_free.o)
    0x080012c6   0x080012c6   0x00000046   Code   RO         4027    .text               c_w.l(setvbuf.o)
    0x0800130c   0x0800130c   0x000000ec   Code   RO         4030    .text               c_w.l(fopen.o)
    0x080013f8   0x080013f8   0x0000004c   Code   RO         4032    .text               c_w.l(fclose.o)
    0x08001444   0x08001444   0x00000012   Code   RO         4038    .text               c_w.l(exit.o)
    0x08001456   0x08001456   0x0000000a   Code   RO         4040    .text               c_w.l(defsig_exit.o)
    0x08001460   0x08001460   0x00000030   Code   RO         4042    .text               c_w.l(defsig_abrt_inner.o)
    0x08001490   0x08001490   0x0000000e   Code   RO         4044    .text               c_w.l(defsig_rtred_outer.o)
    0x0800149e   0x0800149e   0x00000002   PAD
    0x080014a0   0x080014a0   0x00000080   Code   RO         4048    .text               c_w.l(strcmpv7m.o)
    0x08001520   0x08001520   0x00000008   Code   RO         4124    .text               c_w.l(rt_heap_descriptor_intlibspace.o)
    0x08001528   0x08001528   0x00000004   Code   RO         4126    .text               c_w.l(hguard.o)
    0x0800152c   0x0800152c   0x0000008a   Code   RO         4128    .text               c_w.l(init_alloc.o)
    0x080015b6   0x080015b6   0x0000005e   Code   RO         4134    .text               c_w.l(h1_alloc.o)
    0x08001614   0x08001614   0x000000f8   Code   RO         4148    .text               c_w.l(fseek.o)
    0x0800170c   0x0800170c   0x000000f0   Code   RO         4150    .text               c_w.l(stdio.o)
    0x080017fc   0x080017fc   0x00000032   Code   RO         4154    .text               c_w.l(defsig_general.o)
    0x0800182e   0x0800182e   0x00000002   PAD
    0x08001830   0x08001830   0x00000034   Code   RO         4160    .text               c_w.l(defsig_rtred_inner.o)
    0x08001864   0x08001864   0x0000003e   Code   RO         4162    .text               c_w.l(strlen.o)
    0x080018a2   0x080018a2   0x0000000e   Code   RO         4177    .text               c_w.l(h1_init.o)
    0x080018b0   0x080018b0   0x00000034   Code   RO         4179    .text               c_w.l(h1_extend.o)
    0x080018e4   0x080018e4   0x00000042   Code   RO         4185    .text               c_w.l(ftell.o)
    0x08001926   0x08001926   0x0000000e   Code   RO         4189    .text               c_w.l(defsig_rtmem_outer.o)
    0x08001934   0x08001934   0x00000008   Code   RO         4209    .text               c_w.l(rt_errno_addr_intlibspace.o)
    0x0800193c   0x0800193c   0x00000050   Code   RO         4215    .text               c_w.l(defsig_rtmem_inner.o)
    0x0800198c   0x0800198c   0x0000003e   Code   RO         3911    CL$$btod_d2e        c_w.l(btod.o)
    0x080019ca   0x080019ca   0x00000046   Code   RO         3913    CL$$btod_d2e_denorm_low  c_w.l(btod.o)
    0x08001a10   0x08001a10   0x00000060   Code   RO         3912    CL$$btod_d2e_norm_op1  c_w.l(btod.o)
    0x08001a70   0x08001a70   0x00000338   Code   RO         3921    CL$$btod_div_common  c_w.l(btod.o)
    0x08001da8   0x08001da8   0x000000dc   Code   RO         3918    CL$$btod_e2e        c_w.l(btod.o)
    0x08001e84   0x08001e84   0x0000002a   Code   RO         3915    CL$$btod_ediv       c_w.l(btod.o)
    0x08001eae   0x08001eae   0x0000002a   Code   RO         3914    CL$$btod_emul       c_w.l(btod.o)
    0x08001ed8   0x08001ed8   0x00000244   Code   RO         3920    CL$$btod_mult_common  c_w.l(btod.o)
    0x0800211c   0x0800211c   0x00000002   Code   RO          211    i.ADC_IRQHandler    mdr32f9qx_it.o
    0x0800211e   0x0800211e   0x00000002   Code   RO          212    i.BACKUP_IRQHandler  mdr32f9qx_it.o
    0x08002120   0x08002120   0x00000004   Code   RO          213    i.BusFault_Handler  mdr32f9qx_it.o
    0x08002124   0x08002124   0x00000002   Code   RO          214    i.CAN1_IRQHandler   mdr32f9qx_it.o
    0x08002126   0x08002126   0x00000002   Code   RO          215    i.CAN2_IRQHandler   mdr32f9qx_it.o
    0x08002128   0x08002128   0x00000002   Code   RO          216    i.COMPARATOR_IRQHandler  mdr32f9qx_it.o
    0x0800212a   0x0800212a   0x00000002   PAD
    0x0800212c   0x0800212c   0x00000070   Code   RO          142    i.CPUClk80MHz_Init  main.o
    0x0800219c   0x0800219c   0x0000001c   Code   RO          813    i.Create_Timer_configure_GPS  timers.o
    0x080021b8   0x080021b8   0x00000002   Code   RO          217    i.DMA_IRQHandler    mdr32f9qx_it.o
    0x080021ba   0x080021ba   0x00000002   Code   RO          218    i.DebugMon_Handler  mdr32f9qx_it.o
    0x080021bc   0x080021bc   0x0000001a   Code   RO          773    i.Delay_MS          systick.o
    0x080021d6   0x080021d6   0x00000002   PAD
    0x080021d8   0x080021d8   0x0000000c   Code   RO         1914    i.EEPROM_SetLatency  mdr32f9qx_eeprom.o
    0x080021e4   0x080021e4   0x00000002   Code   RO          219    i.EXT_INT1_IRQHandler  mdr32f9qx_it.o
    0x080021e6   0x080021e6   0x00000002   Code   RO          220    i.EXT_INT2_IRQHandler  mdr32f9qx_it.o
    0x080021e8   0x080021e8   0x00000002   Code   RO          221    i.EXT_INT3_IRQHandler  mdr32f9qx_it.o
    0x080021ea   0x080021ea   0x00000002   Code   RO          222    i.EXT_INT4_IRQHandler  mdr32f9qx_it.o
    0x080021ec   0x080021ec   0x0000002c   Code   RO          411    i.GPS_Config        mnp_msg.o
    0x08002218   0x08002218   0x0000000c   Code   RO          412    i.GPS_Init          mnp_msg.o
    0x08002224   0x08002224   0x00000034   Code   RO          814    i.GPS_PPS_DISABLE_IRQ_Callback  timers.o
    0x08002258   0x08002258   0x00000168   Code   RO          815    i.GPS_PPS_EXTI_Init  timers.o
    0x080023c0   0x080023c0   0x0000006c   Code   RO          816    i.GPS_PPS_IRQ_Callback  timers.o
    0x0800242c   0x0800242c   0x00000130   Code   RO          413    i.GPS_Read_Data     mnp_msg.o
    0x0800255c   0x0800255c   0x00000020   Code   RO          639    i.GPS_Reset         pins.o
    0x0800257c   0x0800257c   0x00000048   Code   RO          640    i.GPS_nRST_Init     pins.o
    0x080025c4   0x080025c4   0x0000004c   Code   RO          414    i.GPS_wait_data_Callback  mnp_msg.o
    0x08002610   0x08002610   0x00000004   Code   RO          641    i.Get_Module_Address  pins.o
    0x08002614   0x08002614   0x0000000c   Code   RO          774    i.Get_SysTick       systick.o
    0x08002620   0x08002620   0x00000004   Code   RO          223    i.HardFault_Handler  mdr32f9qx_it.o
    0x08002624   0x08002624   0x00000002   Code   RO          224    i.I2C_IRQHandler    mdr32f9qx_it.o
    0x08002626   0x08002626   0x00000014   Code   RO          642    i.InitBiLED         pins.o
    0x0800263a   0x0800263a   0x00000040   Code   RO          643    i.InitLED_Pin       pins.o
    0x0800267a   0x0800267a   0x00000002   PAD
    0x0800267c   0x0800267c   0x00000060   Code   RO          416    i.MKS_context_ini   mnp_msg.o
    0x080026dc   0x080026dc   0x00000020   Code   RO          417    i.MNP_CalcChkSum    mnp_msg.o
    0x080026fc   0x080026fc   0x0000018c   Code   RO          418    i.MNP_M7_init       mnp_msg.o
    0x08002888   0x08002888   0x0000004e   Code   RO          419    i.MNP_PutMessage    mnp_msg.o
    0x080028d6   0x080028d6   0x00000002   PAD
    0x080028d8   0x080028d8   0x00000018   Code   RO          702    i.MNP_UART_MSG_Puts  uart_func.o
    0x080028f0   0x080028f0   0x00000004   Code   RO          225    i.MemManage_Handler  mdr32f9qx_it.o
    0x080028f4   0x080028f4   0x00000002   Code   RO          226    i.NMI_Handler       mdr32f9qx_it.o
    0x080028f6   0x080028f6   0x00000016   Code   RO          817    i.NVIC_EnableIRQ    timers.o
    0x0800290c   0x0800290c   0x00000028   Code   RO          818    i.NVIC_SetPriority  timers.o
    0x08002934   0x08002934   0x000001c8   Code   RO         2137    i.PORT_Init         mdr32f9qx_port.o
    0x08002afc   0x08002afc   0x0000001c   Code   RO         2140    i.PORT_ResetBits    mdr32f9qx_port.o
    0x08002b18   0x08002b18   0x0000001c   Code   RO         2141    i.PORT_SetBits      mdr32f9qx_port.o
    0x08002b34   0x08002b34   0x0000001c   Code   RO         2142    i.PORT_StructInit   mdr32f9qx_port.o
    0x08002b50   0x08002b50   0x00000002   Code   RO          227    i.POWER_IRQHandler  mdr32f9qx_it.o
    0x08002b52   0x08002b52   0x00000002   PAD
    0x08002b54   0x08002b54   0x00000334   Code   RO          421    i.Parse_MNP_MSG     mnp_msg.o
    0x08002e88   0x08002e88   0x00000002   Code   RO          228    i.PendSV_Handler    mdr32f9qx_it.o
    0x08002e8a   0x08002e8a   0x00000014   Code   RO          543    i.RING_Clear        ring_buffer.o
    0x08002e9e   0x08002e9e   0x00000024   Code   RO          544    i.RING_GetCount     ring_buffer.o
    0x08002ec2   0x08002ec2   0x0000001e   Code   RO          545    i.RING_Init         ring_buffer.o
    0x08002ee0   0x08002ee0   0x0000001a   Code   RO          546    i.RING_Pop          ring_buffer.o
    0x08002efa   0x08002efa   0x00000018   Code   RO          551    i.RING_Put          ring_buffer.o
    0x08002f12   0x08002f12   0x00000002   PAD
    0x08002f14   0x08002f14   0x0000000c   Code   RO         2314    i.RST_CLK_CPU_PLLcmd  mdr32f9qx_rst_clk.o
    0x08002f20   0x08002f20   0x00000040   Code   RO         2315    i.RST_CLK_CPU_PLLconfig  mdr32f9qx_rst_clk.o
    0x08002f60   0x08002f60   0x00000034   Code   RO         2316    i.RST_CLK_CPU_PLLstatus  mdr32f9qx_rst_clk.o
    0x08002f94   0x08002f94   0x0000000c   Code   RO         2317    i.RST_CLK_CPU_PLLuse  mdr32f9qx_rst_clk.o
    0x08002fa0   0x08002fa0   0x00000018   Code   RO         2318    i.RST_CLK_CPUclkPrescaler  mdr32f9qx_rst_clk.o
    0x08002fb8   0x08002fb8   0x00000014   Code   RO         2319    i.RST_CLK_CPUclkSelection  mdr32f9qx_rst_clk.o
    0x08002fcc   0x08002fcc   0x00000274   Code   RO         2321    i.RST_CLK_GetClocksFreq  mdr32f9qx_rst_clk.o
    0x08003240   0x08003240   0x00000034   Code   RO         2322    i.RST_CLK_GetFlagStatus  mdr32f9qx_rst_clk.o
    0x08003274   0x08003274   0x0000003c   Code   RO         2324    i.RST_CLK_HSEconfig  mdr32f9qx_rst_clk.o
    0x080032b0   0x080032b0   0x00000034   Code   RO         2325    i.RST_CLK_HSEstatus  mdr32f9qx_rst_clk.o
    0x080032e4   0x080032e4   0x00000020   Code   RO         2335    i.RST_CLK_PCLKcmd   mdr32f9qx_rst_clk.o
    0x08003304   0x08003304   0x00000010   Code   RO          819    i.Reload_Timer_GPS_UART_Timeout  timers.o
    0x08003314   0x08003314   0x00000002   Code   RO          229    i.SSP1_IRQHandler   mdr32f9qx_it.o
    0x08003316   0x08003316   0x00000002   Code   RO          230    i.SSP2_IRQHandler   mdr32f9qx_it.o
    0x08003318   0x08003318   0x00000002   Code   RO          231    i.SVC_Handler       mdr32f9qx_it.o
    0x0800331a   0x0800331a   0x00000062   Code   RO          645    i.SetBiLED          pins.o
    0x0800337c   0x0800337c   0x0000004e   Code   RO          423    i.Set_GNSS_interval  mnp_msg.o
    0x080033ca   0x080033ca   0x00000002   PAD
    0x080033cc   0x080033cc   0x00000028   Code   RO          775    i.SysTick_Handler   systick.o
    0x080033f4   0x080033f4   0x00000020   Code   RO          776    i.SysTick_Init      systick.o
    0x08003414   0x08003414   0x00000090   Code   RO         3532    i.SystemCoreClockUpdate  system_mdr32f9qx.o
    0x080034a4   0x080034a4   0x00000040   Code   RO         3533    i.SystemInit        system_mdr32f9qx.o
    0x080034e4   0x080034e4   0x00000054   Code   RO         2624    i.TIMER_BRGInit     mdr32f9qx_timer.o
    0x08003538   0x08003538   0x00000046   Code   RO         2636    i.TIMER_ChnInit     mdr32f9qx_timer.o
    0x0800357e   0x0800357e   0x0000001c   Code   RO         2649    i.TIMER_ChnStructInit  mdr32f9qx_timer.o
    0x0800359a   0x0800359a   0x00000008   Code   RO         2650    i.TIMER_ClearFlag   mdr32f9qx_timer.o
    0x080035a2   0x080035a2   0x00000014   Code   RO         2651    i.TIMER_Cmd         mdr32f9qx_timer.o
    0x080035b6   0x080035b6   0x00000036   Code   RO         2654    i.TIMER_CntInit     mdr32f9qx_timer.o
    0x080035ec   0x080035ec   0x0000001c   Code   RO         2655    i.TIMER_CntStructInit  mdr32f9qx_timer.o
    0x08003608   0x08003608   0x00000044   Code   RO         2658    i.TIMER_DeInit      mdr32f9qx_timer.o
    0x0800364c   0x0800364c   0x00000018   Code   RO         2671    i.TIMER_GetITStatus  mdr32f9qx_timer.o
    0x08003664   0x08003664   0x00000012   Code   RO         2673    i.TIMER_ITConfig    mdr32f9qx_timer.o
    0x08003676   0x08003676   0x00000004   Code   RO         2678    i.TIMER_SetCounter  mdr32f9qx_timer.o
    0x0800367a   0x0800367a   0x00000008   Code   RO          232    i.Timer1_IRQHandler  mdr32f9qx_it.o
    0x08003682   0x08003682   0x00000008   Code   RO          233    i.Timer2_IRQHandler  mdr32f9qx_it.o
    0x0800368a   0x0800368a   0x00000008   Code   RO          234    i.Timer3_IRQHandler  mdr32f9qx_it.o
    0x08003692   0x08003692   0x00000008   Code   RO          235    i.UART1_IRQHandler  mdr32f9qx_it.o
    0x0800369a   0x0800369a   0x00000008   Code   RO          236    i.UART2_IRQHandler  mdr32f9qx_it.o
    0x080036a2   0x080036a2   0x0000002c   Code   RO          703    i.UARTSetBaud       uart_func.o
    0x080036ce   0x080036ce   0x00000002   PAD
    0x080036d0   0x080036d0   0x0000003c   Code   RO         2974    i.UART_BRGInit      mdr32f9qx_uart.o
    0x0800370c   0x0800370c   0x00000040   Code   RO          704    i.UART_CharReception_Callback  uart_func.o
    0x0800374c   0x0800374c   0x00000008   Code   RO         2976    i.UART_ClearITPendingBit  mdr32f9qx_uart.o
    0x08003754   0x08003754   0x00000018   Code   RO         2977    i.UART_Cmd          mdr32f9qx_uart.o
    0x0800376c   0x0800376c   0x00000010   Code   RO         2981    i.UART_GetFlagStatus  mdr32f9qx_uart.o
    0x0800377c   0x0800377c   0x00000010   Code   RO         2983    i.UART_GetITStatusMasked  mdr32f9qx_uart.o
    0x0800378c   0x0800378c   0x00000012   Code   RO         2984    i.UART_ITConfig     mdr32f9qx_uart.o
    0x0800379e   0x0800379e   0x00000002   PAD
    0x080037a0   0x080037a0   0x000000b0   Code   RO         2985    i.UART_Init         mdr32f9qx_uart.o
    0x08003850   0x08003850   0x00000048   Code   RO          705    i.UART_InitIRQ      uart_func.o
    0x08003898   0x08003898   0x000000cc   Code   RO          706    i.UART_LoLevel_Init  uart_func.o
    0x08003964   0x08003964   0x00000008   Code   RO         2988    i.UART_ReceiveData  mdr32f9qx_uart.o
    0x0800396c   0x0800396c   0x00000006   Code   RO         2989    i.UART_SendData     mdr32f9qx_uart.o
    0x08003972   0x08003972   0x00000002   PAD
    0x08003974   0x08003974   0x00000020   Code   RO          820    i.UART_TIMER_Callback  timers.o
    0x08003994   0x08003994   0x00000070   Code   RO          821    i.UART_TIMER_Init   timers.o
    0x08003a04   0x08003a04   0x00000032   Code   RO          707    i.UART_TX_Data      uart_func.o
    0x08003a36   0x08003a36   0x00000002   Code   RO          237    i.USB_IRQHandler    mdr32f9qx_it.o
    0x08003a38   0x08003a38   0x00000004   Code   RO          238    i.UsageFault_Handler  mdr32f9qx_it.o
    0x08003a3c   0x08003a3c   0x00000002   Code   RO          239    i.WWDG_IRQHandler   mdr32f9qx_it.o
    0x08003a3e   0x08003a3e   0x00000028   Code   RO         3950    i.__ARM_fpclassify  m_ws.l(fpclassify.o)
    0x08003a66   0x08003a66   0x0000000e   Code   RO         3797    i._is_digit         c_w.l(__printf_wp.o)
    0x08003a74   0x08003a74   0x000000a2   Code   RO         3572    i.cmp_date          time64.o
    0x08003b16   0x08003b16   0x0000001e   Code   RO         3573    i.copy_TM64_to_tm   time64.o
    0x08003b34   0x08003b34   0x0000001e   Code   RO         3574    i.copy_tm_to_TM64   time64.o
    0x08003b52   0x08003b52   0x0000005e   Code   RO         3577    i.cycle_offset      time64.o
    0x08003bb0   0x08003bb0   0x0000002c   Code   RO         3578    i.date_in_safe_range  time64.o
    0x08003bdc   0x08003bdc   0x00000034   Code   RO          145    i.fputc             main.o
    0x08003c10   0x08003c10   0x00000040   Code   RO         3583    i.is_exception_century  time64.o
    0x08003c50   0x08003c50   0x000000dc   Code   RO          146    i.main              main.o
    0x08003d2c   0x08003d2c   0x0000009c   Code   RO         3586    i.mktime64          time64.o
    0x08003dc8   0x08003dc8   0x000001a0   Code   RO         3587    i.safe_year         time64.o
    0x08003f68   0x08003f68   0x000001bc   Code   RO         3588    i.seconds_between_years  time64.o
    0x08004124   0x08004124   0x00000040   Code   RO          822    i.timers_ini        timers.o
    0x08004164   0x08004164   0x00000054   Code   RO          823    i.vTimerGPSCfgCallback  timers.o
    0x080041b8   0x080041b8   0x00000038   Code   RO          824    i.vTimerGPSPPSCtrlCallback  timers.o
    0x080041f0   0x080041f0   0x00000028   Code   RO          825    i.vTimerGPSPPSTimeoutCallback  timers.o
    0x08004218   0x08004218   0x00000040   Code   RO          826    i.vTimerGPSUARTTimeoutCallback  timers.o
    0x08004258   0x08004258   0x00000080   Code   RO          827    i.xTimer_Create     timers.o
    0x080042d8   0x080042d8   0x00000020   Code   RO          828    i.xTimer_Delete     timers.o
    0x080042f8   0x080042f8   0x0000000c   Code   RO          829    i.xTimer_Init       timers.o
    0x08004304   0x08004304   0x00000034   Code   RO          830    i.xTimer_Reload     timers.o
    0x08004338   0x08004338   0x00000014   Code   RO          831    i.xTimer_SetPeriod  timers.o
    0x0800434c   0x0800434c   0x00000068   Code   RO          832    i.xTimer_Task       timers.o
    0x080043b4   0x080043b4   0x0000002c   Code   RO         3942    locale$$code        c_w.l(lc_numeric_c.o)
    0x080043e0   0x080043e0   0x0000000c   Code   RO         3867    x$fpl$dretinf       fz_ws.l(dretinf.o)
    0x080043ec   0x080043ec   0x00000056   Code   RO         3834    x$fpl$f2d           fz_ws.l(f2d.o)
    0x08004442   0x08004442   0x00000018   Code   RO         3869    x$fpl$fcmpinf       fz_ws.l(fcmpi.o)
    0x0800445a   0x0800445a   0x00000002   PAD
    0x0800445c   0x0800445c   0x00000068   Code   RO         3836    x$fpl$fleqf         fz_ws.l(fleqf.o)
    0x080044c4   0x080044c4   0x0000008c   Code   RO         3871    x$fpl$fnaninf       fz_ws.l(fnaninf.o)
    0x08004550   0x08004550   0x00000004   Code   RO         3838    x$fpl$printf1       fz_ws.l(printf1.o)
    0x08004554   0x08004554   0x00000000   Code   RO         3873    x$fpl$usenofp       fz_ws.l(usenofp.o)
    0x08004554   0x08004554   0x00000168   Data   RO         3594    .constdata          time64.o
    0x080046bc   0x080046bc   0x00000028   Data   RO         3770    .constdata          c_w.l(_printf_hex_int.o)
    0x080046e4   0x080046e4   0x00000011   Data   RO         3800    .constdata          c_w.l(__printf_flags_wp.o)
    0x080046f5   0x080046f5   0x0000000c   Data   RO         3866    .constdata          c_w.l(_monlen.o)
    0x08004701   0x08004701   0x00000003   PAD
    0x08004704   0x08004704   0x00000094   Data   RO         3909    .constdata          c_w.l(bigflt0.o)
    0x08004798   0x08004798   0x00000004   Data   RO         3953    .constdata          c_w.l(sys_io.o)
    0x0800479c   0x0800479c   0x00000004   Data   RO         3954    .constdata          c_w.l(sys_io.o)
    0x080047a0   0x080047a0   0x00000004   Data   RO         3955    .constdata          c_w.l(sys_io.o)
    0x080047a4   0x080047a4   0x00000020   Data   RO         4234    Region$$Table       anon$$obj.o
    0x080047c4   0x080047c4   0x0000001c   Data   RO         3941    locale$$data        c_w.l(lc_numeric_c.o)


    Execution Region RW_IRAM1 (Exec base: 0x20000000, Load base: 0x080047e0, Size: 0x00000f00, Max: 0x00008000, ABSOLUTE)

    Exec Addr    Load Addr    Size         Type   Attr      Idx    E Section Name        Object

    0x20000000   0x080047e0   0x00000010   Data   RW          148    .data               main.o
    0x20000010   0x080047f0   0x00000004   Data   RW          428    .data               mnp_msg.o
    0x20000014   0x080047f4   0x00000001   Data   RW          709    .data               uart_func.o
    0x20000015   0x080047f5   0x00000003   PAD
    0x20000018   0x080047f8   0x00000008   Data   RW          777    .data               systick.o
    0x20000020   0x08004800   0x0000001c   Data   RW          834    .data               timers.o
    0x2000003c   0x0800481c   0x00000004   Data   RW         3534    .data               system_mdr32f9qx.o
    0x20000040   0x08004820   0x00000004   Data   RW         3859    .data               c_w.l(stdio_streams.o)
    0x20000044   0x08004824   0x00000004   Data   RW         3860    .data               c_w.l(stdio_streams.o)
    0x20000048   0x08004828   0x00000004   Data   RW         3861    .data               c_w.l(stdio_streams.o)
    0x2000004c   0x0800482c   0x00000004   PAD
    0x20000050        -       0x00000418   Zero   RW          147    .bss                main.o
    0x20000468        -       0x00000230   Zero   RW          427    .bss                mnp_msg.o
    0x20000698        -       0x0000004c   Zero   RW          708    .bss                uart_func.o
    0x200006e4        -       0x000000c0   Zero   RW          833    .bss                timers.o
    0x200007a4        -       0x00000054   Zero   RW         3856    .bss                c_w.l(stdio_streams.o)
    0x200007f8        -       0x00000054   Zero   RW         3857    .bss                c_w.l(stdio_streams.o)
    0x2000084c        -       0x00000054   Zero   RW         3858    .bss                c_w.l(stdio_streams.o)
    0x200008a0        -       0x00000060   Zero   RW         3958    .bss                c_w.l(libspace.o)
    0x20000900        -       0x00000200   Zero   RW         3563    HEAP                startup_mdr32f9qx.o
    0x20000b00        -       0x00000400   Zero   RW         3562    STACK               startup_mdr32f9qx.o


==============================================================================

Image component sizes


      Code (inc. data)   RO Data    RW Data    ZI Data      Debug   Object Name

         0          0          0          0          0      91242   backplaneaddress.o
       384         48          0         16       1048       4215   main.o
        12          6          0          0          0        516   mdr32f9qx_eeprom.o
        96          0          0          0          0      11479   mdr32f9qx_it.o
       540         18          0          0          0       3070   mdr32f9qx_port.o
      1008         60          0          0          0       9784   mdr32f9qx_rst_clk.o
       406         16          0          0          0       7017   mdr32f9qx_timer.o
       332         26          0          0          0       6580   mdr32f9qx_uart.o
      1936        328          0          4        560      10596   mnp_msg.o
       290          8          0          0          0       3068   pins.o
       136          0          0          0          0       2887   ring_buffer.o
        64         26        192          0       1536        852   startup_mdr32f9qx.o
       208         24          0          4          0       1471   system_mdr32f9qx.o
       110         26          0          8          0       1914   systick.o
      1440        156        360          0          0       9007   time64.o
      1426        188          0         28        192      33824   timers.o
       458         34          0          1         76      28084   uart_func.o

    ----------------------------------------------------------------------
      8866        964        584         64       3412     225606   Object Totals
         0          0         32          0          0          0   (incl. Generated)
        20          0          0          3          0          0   (incl. Padding)

    ----------------------------------------------------------------------

      Code (inc. data)   RO Data    RW Data    ZI Data      Debug   Library Member Name

         8          0          0          0          0         68   __main.o
       312          4         17          0          0         92   __printf_flags_wp.o
        14          0          0          0          0         68   __printf_wp.o
         0          0          0          0          0          0   __rtentry.o
        12          0          0          0          0          0   __rtentry2.o
         6          0          0          0          0          0   __rtentry4.o
        52          8          0          0          0          0   __scatter.o
        26          0          0          0          0          0   __scatter_copy.o
        28          0          0          0          0          0   __scatter_zi.o
         0          0         12          0          0          0   _monlen.o
        44          0          0          0          0        108   _printf_char.o
        48          6          0          0          0         96   _printf_char_common.o
        36          4          0          0          0         80   _printf_char_file.o
         6          0          0          0          0          0   _printf_d.o
       120         16          0          0          0         92   _printf_dec.o
         6          0          0          0          0          0   _printf_f.o
      1054          0          0          0          0        216   _printf_fp_dec.o
       128         16          0          0          0         84   _printf_fp_infnan.o
        88          4         40          0          0         88   _printf_hex_int.o
       178          0          0          0          0         88   _printf_intcommon.o
         0          0          0          0          0          0   _printf_percent.o
         4          0          0          0          0          0   _printf_percent_end.o
         6          0          0          0          0          0   _printf_s.o
        82          0          0          0          0         80   _printf_str.o
         6          0          0          0          0          0   _printf_u.o
         6          0          0          0          0          0   _printf_x.o
        10          0          0          0          0         68   _sputc.o
        22          0          0          0          0         80   abort.o
       128         42          0          0          0         76   assert.o
        20          0          0          0          0         76   assert_puts.o
       228          4        148          0          0         96   bigflt0.o
      1936        128          0          0          0        672   btod.o
        48         34          0          0          0         76   defsig_abrt_inner.o
        14          0          0          0          0         80   defsig_abrt_outer.o
        10          0          0          0          0         68   defsig_exit.o
        50          0          0          0          0         88   defsig_general.o
        80         58          0          0          0         76   defsig_rtmem_inner.o
        14          0          0          0          0         80   defsig_rtmem_outer.o
        52         38          0          0          0         76   defsig_rtred_inner.o
        14          0          0          0          0         80   defsig_rtred_outer.o
        18          0          0          0          0         80   exit.o
        76          0          0          0          0         88   fclose.o
         8          0          0          0          0         68   ferror.o
       236          4          0          0          0        128   fopen.o
       248          6          0          0          0         84   fseek.o
        66          0          0          0          0         76   ftell.o
        94          0          0          0          0         80   h1_alloc.o
        52          0          0          0          0         68   h1_extend.o
        78          0          0          0          0         80   h1_free.o
        14          0          0          0          0         84   h1_init.o
         6          0          0          0          0        152   heapauxi.o
         4          0          0          0          0        136   hguard.o
         0          0          0          0          0          0   indicate_semi.o
       138          0          0          0          0        168   init_alloc.o
       312         46          0          0          0        112   initio.o
        44         10         28          0          0         76   lc_numeric_c.o
         2          0          0          0          0          0   libinit.o
        30          0          0          0          0          0   libinit2.o
         2          0          0          0          0          0   libshutdown.o
         6          0          0          0          0          0   libshutdown2.o
         8          4          0          0         96         68   libspace.o
        72          0          0          0          0         76   llsdiv.o
       138          0          0          0          0         80   lludiv10.o
       238          0          0          0          0        100   lludivv7m.o
         0          0          0          0          0          0   maybetermalloc1.o
       428         10          0          0          0        116   mktime.o
        24          4          0          0          0         84   noretval__2printf.o
        40          6          0          0          0         84   noretval__2sprintf.o
         8          4          0          0          0         68   rt_errno_addr_intlibspace.o
         8          4          0          0          0         68   rt_heap_descriptor_intlibspace.o
         8          4          0          0          0         68   rt_locale_intlibspace.o
        68          0          0          0          0         68   rt_memclr.o
        78          0          0          0          0         80   rt_memclr_w.o
       100          0          0          0          0         80   rt_memcpy_w.o
         2          0          0          0          0          0   rtexit.o
        10          0          0          0          0          0   rtexit2.o
        70          0          0          0          0         80   setvbuf.o
       240          6          0          0          0        156   stdio.o
         0          0          0         12        252          0   stdio_streams.o
       128          0          0          0          0         68   strcmpv7m.o
        62          0          0          0          0         76   strlen.o
        12          4          0          0          0         68   sys_exit.o
       102          0         12          0          0        240   sys_io.o
        74          0          0          0          0         80   sys_stackheap_outer.o
        14          0          0          0          0         76   sys_wrch.o
         2          0          0          0          0         68   use_no_semi.o
        12          0          0          0          0         68   dretinf.o
        86          4          0          0          0         84   f2d.o
        24          0          0          0          0         68   fcmpi.o
       104          4          0          0          0         84   fleqf.o
       140          4          0          0          0         84   fnaninf.o
         4          0          0          0          0         68   printf1.o
         0          0          0          0          0          0   usenofp.o
        40          0          0          0          0         68   fpclassify.o

    ----------------------------------------------------------------------
      8690        486        260         12        352       6808   Library Totals
        16          0          3          0          4          0   (incl. Padding)

    ----------------------------------------------------------------------

      Code (inc. data)   RO Data    RW Data    ZI Data      Debug   Library Name

      8264        474        257         12        348       6284   c_w.l
       370         12          0          0          0        456   fz_ws.l
        40          0          0          0          0         68   m_ws.l

    ----------------------------------------------------------------------
      8690        486        260         12        352       6808   Library Totals

    ----------------------------------------------------------------------

==============================================================================


      Code (inc. data)   RO Data    RW Data    ZI Data      Debug   

     17556       1450        844         76       3764     222010   Grand Totals
     17556       1450        844         76       3764     222010   ELF Image Totals
     17556       1450        844         76          0          0   ROM Totals

==============================================================================

    Total RO  Size (Code + RO Data)                18400 (  17.97kB)
    Total RW  Size (RW Data + ZI Data)              3840 (   3.75kB)
    Total ROM Size (Code + RO Data + RW Data)      18476 (  18.04kB)

==============================================================================

